Component: ARM Compiler 5.06 update 6 (build 750) Tool: armlink [4d35ed]

==============================================================================

Section Cross References

    startup_stm32f767xx.o(RESET) refers to startup_stm32f767xx.o(STACK) for __initial_sp
    startup_stm32f767xx.o(RESET) refers to startup_stm32f767xx.o(.text) for Reset_Handler
    startup_stm32f767xx.o(RESET) refers to stm32f7xx_it.o(i.NMI_Handler) for NMI_Handler
    startup_stm32f767xx.o(RESET) refers to stm32f7xx_it.o(i.HardFault_Handler) for HardFault_Handler
    startup_stm32f767xx.o(RESET) refers to stm32f7xx_it.o(i.MemManage_Handler) for MemManage_Handler
    startup_stm32f767xx.o(RESET) refers to stm32f7xx_it.o(i.BusFault_Handler) for BusFault_Handler
    startup_stm32f767xx.o(RESET) refers to stm32f7xx_it.o(i.UsageFault_Handler) for UsageFault_Handler
    startup_stm32f767xx.o(RESET) refers to stm32f7xx_it.o(i.SVC_Handler) for SVC_Handler
    startup_stm32f767xx.o(RESET) refers to stm32f7xx_it.o(i.DebugMon_Handler) for DebugMon_Handler
    startup_stm32f767xx.o(RESET) refers to stm32f7xx_it.o(i.PendSV_Handler) for PendSV_Handler
    startup_stm32f767xx.o(RESET) refers to stm32f7xx_it.o(i.TIM1_UP_TIM10_IRQHandler) for TIM1_UP_TIM10_IRQHandler
    startup_stm32f767xx.o(RESET) refers to stm32f7xx_it.o(i.OTG_HS_IRQHandler) for OTG_HS_IRQHandler
    startup_stm32f767xx.o(.text) refers to system_stm32f7xx.o(i.SystemInit) for SystemInit
    startup_stm32f767xx.o(.text) refers to entry.o(.ARM.Collect$$$$00000000) for __main
    main.o(i.HAL_TIM_PeriodElapsedCallback) refers to stm32f7xx_hal.o(i.HAL_IncTick) for HAL_IncTick
    main.o(i.MX_GPIO_Init) refers to memseta.o(.text) for __aeabi_memclr4
    main.o(i.MX_GPIO_Init) refers to stm32f7xx_hal_gpio.o(i.HAL_GPIO_WritePin) for HAL_GPIO_WritePin
    main.o(i.MX_GPIO_Init) refers to stm32f7xx_hal_gpio.o(i.HAL_GPIO_Init) for HAL_GPIO_Init
    main.o(i.MX_I2C4_Init) refers to stm32f7xx_hal_i2c.o(i.HAL_I2C_Init) for HAL_I2C_Init
    main.o(i.MX_I2C4_Init) refers to main.o(i.Error_Handler) for Error_Handler
    main.o(i.MX_I2C4_Init) refers to stm32f7xx_hal_i2c_ex.o(i.HAL_I2CEx_ConfigAnalogFilter) for HAL_I2CEx_ConfigAnalogFilter
    main.o(i.MX_I2C4_Init) refers to stm32f7xx_hal_i2c_ex.o(i.HAL_I2CEx_ConfigDigitalFilter) for HAL_I2CEx_ConfigDigitalFilter
    main.o(i.MX_I2C4_Init) refers to main.o(.bss) for hi2c4
    main.o(i.SystemClock_Config) refers to memseta.o(.text) for __aeabi_memclr4
    main.o(i.SystemClock_Config) refers to stm32f7xx_hal_pwr.o(i.HAL_PWR_EnableBkUpAccess) for HAL_PWR_EnableBkUpAccess
    main.o(i.SystemClock_Config) refers to stm32f7xx_hal_rcc.o(i.HAL_RCC_OscConfig) for HAL_RCC_OscConfig
    main.o(i.SystemClock_Config) refers to main.o(i.Error_Handler) for Error_Handler
    main.o(i.SystemClock_Config) refers to stm32f7xx_hal_pwr_ex.o(i.HAL_PWREx_EnableOverDrive) for HAL_PWREx_EnableOverDrive
    main.o(i.SystemClock_Config) refers to stm32f7xx_hal_rcc.o(i.HAL_RCC_ClockConfig) for HAL_RCC_ClockConfig
    main.o(i.SystemClock_Config) refers to stm32f7xx_hal_rcc_ex.o(i.HAL_RCCEx_PeriphCLKConfig) for HAL_RCCEx_PeriphCLKConfig
    main.o(i.SystemClock_Config) refers to stm32f7xx_hal_rcc.o(i.HAL_RCC_MCOConfig) for HAL_RCC_MCOConfig
    main.o(i.SystemClock_Config) refers to stm32f7xx_hal_rcc.o(i.HAL_RCC_EnableCSS) for HAL_RCC_EnableCSS
    main.o(i.main) refers to stm32f7xx_hal.o(i.HAL_Init) for HAL_Init
    main.o(i.main) refers to main.o(i.SystemClock_Config) for SystemClock_Config
    main.o(i.main) refers to stm32f7xx_hal_gpio.o(i.HAL_GPIO_ReadPin) for HAL_GPIO_ReadPin
    main.o(i.main) refers to main.o(i.MX_GPIO_Init) for MX_GPIO_Init
    main.o(i.main) refers to main.o(i.MX_I2C4_Init) for MX_I2C4_Init
    main.o(i.main) refers to usb_device.o(i.MX_USB_DEVICE_Init) for MX_USB_DEVICE_Init
    main.o(i.main) refers to main.o(.data) for JumpAddress
    usb_device.o(i.MX_USB_DEVICE_Init) refers to usbd_core.o(i.USBD_Init) for USBD_Init
    usb_device.o(i.MX_USB_DEVICE_Init) refers to main.o(i.Error_Handler) for Error_Handler
    usb_device.o(i.MX_USB_DEVICE_Init) refers to usbd_core.o(i.USBD_RegisterClass) for USBD_RegisterClass
    usb_device.o(i.MX_USB_DEVICE_Init) refers to usbd_dfu.o(i.USBD_DFU_RegisterMedia) for USBD_DFU_RegisterMedia
    usb_device.o(i.MX_USB_DEVICE_Init) refers to usbd_core.o(i.USBD_Start) for USBD_Start
    usb_device.o(i.MX_USB_DEVICE_Init) refers to usbd_desc.o(.data) for HS_Desc
    usb_device.o(i.MX_USB_DEVICE_Init) refers to usb_device.o(.bss) for hUsbDeviceHS
    usb_device.o(i.MX_USB_DEVICE_Init) refers to usbd_dfu.o(.data) for USBD_DFU
    usb_device.o(i.MX_USB_DEVICE_Init) refers to usbd_dfu_if.o(.data) for USBD_DFU_fops_HS
    usbd_conf.o(i.HAL_PCDEx_LPM_Callback) refers to main.o(i.SystemClock_Config) for SystemClock_Config
    usbd_conf.o(i.HAL_PCDEx_LPM_Callback) refers to usbd_core.o(i.USBD_LL_Resume) for USBD_LL_Resume
[...]
    i.HAL_TIM_PWM_PulseFinishedCallback      0x080032c4   Section        0  stm32f7xx_hal_tim.o(i.HAL_TIM_PWM_PulseFinishedCallback)
    i.HAL_TIM_PeriodElapsedCallback          0x080032c8   Section        0  main.o(i.HAL_TIM_PeriodElapsedCallback)
    i.HAL_TIM_TriggerCallback                0x080032e0   Section        0  stm32f7xx_hal_tim.o(i.HAL_TIM_TriggerCallback)
    i.HardFault_Handler                      0x080032e2   Section        0  stm32f7xx_it.o(i.HardFault_Handler)
    i.IntToUnicode                           0x080032e6   Section        0  usbd_desc.o(i.IntToUnicode)
    IntToUnicode                             0x080032e7   Thumb Code    62  usbd_desc.o(i.IntToUnicode)
    i.MEM_If_DeInit_HS                       0x08003324   Section        0  usbd_dfu_if.o(i.MEM_If_DeInit_HS)
    MEM_If_DeInit_HS                         0x08003325   Thumb Code    10  usbd_dfu_if.o(i.MEM_If_DeInit_HS)
    i.MEM_If_Erase_HS                        0x0800332e   Section        0  usbd_dfu_if.o(i.MEM_If_Erase_HS)
    MEM_If_Erase_HS                          0x0800332f   Thumb Code    56  usbd_dfu_if.o(i.MEM_If_Erase_HS)
    i.MEM_If_GetStatus_HS                    0x08003366   Section        0  usbd_dfu_if.o(i.MEM_If_GetStatus_HS)
    MEM_If_GetStatus_HS                      0x08003367   Thumb Code    40  usbd_dfu_if.o(i.MEM_If_GetStatus_HS)
    i.MEM_If_Init_HS                         0x0800338e   Section        0  usbd_dfu_if.o(i.MEM_If_Init_HS)
    MEM_If_Init_HS                           0x0800338f   Thumb Code    10  usbd_dfu_if.o(i.MEM_If_Init_HS)
    i.MEM_If_Read_HS                         0x08003398   Section        0  usbd_dfu_if.o(i.MEM_If_Read_HS)
    MEM_If_Read_HS                           0x08003399   Thumb Code    30  usbd_dfu_if.o(i.MEM_If_Read_HS)
    i.MEM_If_Write_HS                        0x080033b6   Section        0  usbd_dfu_if.o(i.MEM_If_Write_HS)
    MEM_If_Write_HS                          0x080033b7   Thumb Code    62  usbd_dfu_if.o(i.MEM_If_Write_HS)
    i.MX_GPIO_Init                           0x080033f4   Section        0  main.o(i.MX_GPIO_Init)
    MX_GPIO_Init                             0x080033f5   Thumb Code  1442  main.o(i.MX_GPIO_Init)
    i.MX_I2C4_Init                           0x080039b4   Section        0  main.o(i.MX_I2C4_Init)
    MX_I2C4_Init                             0x080039b5   Thumb Code    74  main.o(i.MX_I2C4_Init)
    i.MX_USB_DEVICE_Init                     0x08003a0c   Section        0  usb_device.o(i.MX_USB_DEVICE_Init)
    i.MemManage_Handler                      0x08003a58   Section        0  stm32f7xx_it.o(i.MemManage_Handler)
    i.NMI_Handler                            0x08003a5c   Section        0  stm32f7xx_it.o(i.NMI_Handler)
    i.OTG_HS_IRQHandler                      0x08003a64   Section        0  stm32f7xx_it.o(i.OTG_HS_IRQHandler)
    i.PCD_EP_OutSetupPacket_int              0x08003a74   Section        0  stm32f7xx_hal_pcd.o(i.PCD_EP_OutSetupPacket_int)
    PCD_EP_OutSetupPacket_int                0x08003a75   Thumb Code    94  stm32f7xx_hal_pcd.o(i.PCD_EP_OutSetupPacket_int)
    i.PCD_EP_OutXfrComplete_int              0x08003ad8   Section        0  stm32f7xx_hal_pcd.o(i.PCD_EP_OutXfrComplete_int)
    PCD_EP_OutXfrComplete_int                0x08003ad9   Thumb Code   372  stm32f7xx_hal_pcd.o(i.PCD_EP_OutXfrComplete_int)
    i.PCD_WriteEmptyTxFifo                   0x08003c54   Section        0  stm32f7xx_hal_pcd.o(i.PCD_WriteEmptyTxFifo)
    PCD_WriteEmptyTxFifo                     0x08003c55   Thumb Code   182  stm32f7xx_hal_pcd.o(i.PCD_WriteEmptyTxFifo)
    i.PendSV_Handler                         0x08003d0a   Section        0  stm32f7xx_it.o(i.PendSV_Handler)
    i.SVC_Handler                            0x08003d0c   Section        0  stm32f7xx_it.o(i.SVC_Handler)
    i.SWAPBYTE                               0x08003d0e   Section        0  usbd_ctlreq.o(i.SWAPBYTE)
    SWAPBYTE                                 0x08003d0f   Thumb Code    18  usbd_ctlreq.o(i.SWAPBYTE)
    i.SystemClock_Config                     0x08003d20   Section        0  main.o(i.SystemClock_Config)
    i.SystemInit                             0x08003e34   Section        0  system_stm32f7xx.o(i.SystemInit)
    i.TIM1_UP_TIM10_IRQHandler               0x08003e50   Section        0  stm32f7xx_it.o(i.TIM1_UP_TIM10_IRQHandler)
    i.TIM_Base_SetConfig                     0x08003e60   Section        0  stm32f7xx_hal_tim.o(i.TIM_Base_SetConfig)
    i.USBD_ClrClassConfig                    0x08003f38   Section        0  usbd_core.o(i.USBD_ClrClassConfig)
    i.USBD_ClrFeature                        0x08003f54   Section        0  usbd_ctlreq.o(i.USBD_ClrFeature)
    USBD_ClrFeature                          0x08003f55   Thumb Code    62  usbd_ctlreq.o(i.USBD_ClrFeature)
    i.USBD_CtlContinueRx                     0x08003f92   Section        0  usbd_ioreq.o(i.USBD_CtlContinueRx)
    i.USBD_CtlContinueSendData               0x08003faa   Section        0  usbd_ioreq.o(i.USBD_CtlContinueSendData)
    i.USBD_CtlError                          0x08003fc2   Section        0  usbd_ctlreq.o(i.USBD_CtlError)
    i.USBD_CtlPrepareRx                      0x08003fda   Section        0  usbd_ioreq.o(i.USBD_CtlPrepareRx)
    i.USBD_CtlReceiveStatus                  0x08004002   Section        0  usbd_ioreq.o(i.USBD_CtlReceiveStatus)
    i.USBD_CtlSendData                       0x0800401c   Section        0  usbd_ioreq.o(i.USBD_CtlSendData)
    i.USBD_CtlSendStatus                     0x0800403e   Section        0  usbd_ioreq.o(i.USBD_CtlSendStatus)
    i.USBD_DFU_DeInit                        0x08004058   Section        0  usbd_dfu.o(i.USBD_DFU_DeInit)
    USBD_DFU_DeInit                          0x08004059   Thumb Code    76  usbd_dfu.o(i.USBD_DFU_DeInit)
    i.USBD_DFU_EP0_RxReady                   0x080040a4   Section        0  usbd_dfu.o(i.USBD_DFU_EP0_RxReady)
    USBD_DFU_EP0_RxReady                     0x080040a5   Thumb Code     6  usbd_dfu.o(i.USBD_DFU_EP0_RxReady)
    i.USBD_DFU_EP0_TxReady                   0x080040aa   Section        0  usbd_dfu.o(i.USBD_DFU_EP0_TxReady)
    USBD_DFU_EP0_TxReady                     0x080040ab   Thumb Code   308  usbd_dfu.o(i.USBD_DFU_EP0_TxReady)
    i.USBD_DFU_GetCfgDesc                    0x080041e0   Section        0  usbd_dfu.o(i.USBD_DFU_GetCfgDesc)
    USBD_DFU_GetCfgDesc                      0x080041e1   Thumb Code    10  usbd_dfu.o(i.USBD_DFU_GetCfgDesc)
    i.USBD_DFU_GetDeviceQualifierDesc        0x080041f0   Section        0  usbd_dfu.o(i.USBD_DFU_GetDeviceQualifierDesc)
    USBD_DFU_GetDeviceQualifierDesc          0x080041f1   Thumb Code    10  usbd_dfu.o(i.USBD_DFU_GetDeviceQualifierDesc)
    i.USBD_DFU_Init                          0x08004200   Section        0  usbd_dfu.o(i.USBD_DFU_Init)
    USBD_DFU_Init                            0x08004201   Thumb Code   110  usbd_dfu.o(i.USBD_DFU_Init)
    i.USBD_DFU_RegisterMedia                 0x08004274   Section        0  usbd_dfu.o(i.USBD_DFU_RegisterMedia)
    i.USBD_DFU_SOF                           0x08004284   Section        0  usbd_dfu.o(i.USBD_DFU_SOF)
    USBD_DFU_SOF                             0x08004285   Thumb Code     6  usbd_dfu.o(i.USBD_DFU_SOF)
    i.USBD_DFU_Setup                         0x0800428c   Section        0  usbd_dfu.o(i.USBD_DFU_Setup)
    USBD_DFU_Setup                           0x0800428d   Thumb Code   348  usbd_dfu.o(i.USBD_DFU_Setup)
    i.USBD_GetConfig                         0x080043ec   Section        0  usbd_ctlreq.o(i.USBD_GetConfig)
    USBD_GetConfig                           0x080043ed   Thumb Code    86  usbd_ctlreq.o(i.USBD_GetConfig)
    i.USBD_GetDescriptor                     0x08004442   Section        0  usbd_ctlreq.o(i.USBD_GetDescriptor)
    USBD_GetDescriptor                       0x08004443   Thumb Code   562  usbd_ctlreq.o(i.USBD_GetDescriptor)
    i.USBD_GetLen                            0x08004674   Section        0  usbd_ctlreq.o(i.USBD_GetLen)
    USBD_GetLen                              0x08004675   Thumb Code    22  usbd_ctlreq.o(i.USBD_GetLen)
    i.USBD_GetStatus                         0x0800468a   Section        0  usbd_ctlreq.o(i.USBD_GetStatus)
    USBD_GetStatus                           0x0800468b   Thumb Code    90  usbd_ctlreq.o(i.USBD_GetStatus)
    i.USBD_GetString                         0x080046e4   Section        0  usbd_ctlreq.o(i.USBD_GetString)
    i.USBD_Get_USB_Status                    0x08004738   Section        0  usbd_conf.o(i.USBD_Get_USB_Status)
    i.USBD_HS_ConfigStrDescriptor            0x08004764   Section        0  usbd_desc.o(i.USBD_HS_ConfigStrDescriptor)
    i.USBD_HS_DeviceDescriptor               0x08004798   Section        0  usbd_desc.o(i.USBD_HS_DeviceDescriptor)
    i.USBD_HS_InterfaceStrDescriptor         0x080047a8   Section        0  usbd_desc.o(i.USBD_HS_InterfaceStrDescriptor)
    i.USBD_HS_LangIDStrDescriptor            0x080047e0   Section        0  usbd_desc.o(i.USBD_HS_LangIDStrDescriptor)
    i.USBD_HS_ManufacturerStrDescriptor      0x080047f0   Section        0  usbd_desc.o(i.USBD_HS_ManufacturerStrDescriptor)
    i.USBD_HS_ProductStrDescriptor           0x0800481c   Section        0  usbd_desc.o(i.USBD_HS_ProductStrDescriptor)
    i.USBD_HS_SerialStrDescriptor            0x08004864   Section        0  usbd_desc.o(i.USBD_HS_SerialStrDescriptor)
    i.USBD_HS_USR_BOSDescriptor              0x0800487c   Section        0  usbd_desc.o(i.USBD_HS_USR_BOSDescriptor)
    i.USBD_Init                              0x0800488c   Section        0  usbd_core.o(i.USBD_Init)
    i.USBD_LL_ClearStallEP                   0x080048d0   Section        0  usbd_conf.o(i.USBD_LL_ClearStallEP)
    i.USBD_LL_DataInStage                    0x080048f6   Section        0  usbd_core.o(i.USBD_LL_DataInStage)
    i.USBD_LL_DataOutStage                   0x080049dc   Section        0  usbd_core.o(i.USBD_LL_DataOutStage)
    i.USBD_LL_DevConnected                   0x08004a6e   Section        0  usbd_core.o(i.USBD_LL_DevConnected)
    i.USBD_LL_DevDisconnected                0x08004a74   Section        0  usbd_core.o(i.USBD_LL_DevDisconnected)
    i.USBD_LL_Init                           0x08004a94   Section        0  usbd_conf.o(i.USBD_LL_Init)
    i.USBD_LL_IsStallEP                      0x08004b04   Section        0  usbd_conf.o(i.USBD_LL_IsStallEP)
    i.USBD_LL_IsoINIncomplete                0x08004b3c   Section        0  usbd_core.o(i.USBD_LL_IsoINIncomplete)
    i.USBD_LL_IsoOUTIncomplete               0x08004b42   Section        0  usbd_core.o(i.USBD_LL_IsoOUTIncomplete)
    i.USBD_LL_OpenEP                         0x08004b48   Section        0  usbd_conf.o(i.USBD_LL_OpenEP)
    i.USBD_LL_PrepareReceive                 0x08004b78   Section        0  usbd_conf.o(i.USBD_LL_PrepareReceive)
    i.USBD_LL_Reset                          0x08004ba8   Section        0  usbd_core.o(i.USBD_LL_Reset)
    i.USBD_LL_Resume                         0x08004c02   Section        0  usbd_core.o(i.USBD_LL_Resume)
    i.USBD_LL_SOF                            0x08004c18   Section        0  usbd_core.o(i.USBD_LL_SOF)
    i.USBD_LL_SetSpeed                       0x08004c3a   Section        0  usbd_core.o(i.USBD_LL_SetSpeed)
    i.USBD_LL_SetUSBAddress                  0x08004c42   Section        0  usbd_conf.o(i.USBD_LL_SetUSBAddress)
    i.USBD_LL_SetupStage                     0x08004c68   Section        0  usbd_core.o(i.USBD_LL_SetupStage)
    i.USBD_LL_StallEP                        0x08004cde   Section        0  usbd_conf.o(i.USBD_LL_StallEP)
    i.USBD_LL_Start                          0x08004d04   Section        0  usbd_conf.o(i.USBD_LL_Start)
    i.USBD_LL_Stop                           0x08004d22   Section        0  usbd_conf.o(i.USBD_LL_Stop)
    i.USBD_LL_Suspend                        0x08004d40   Section        0  usbd_core.o(i.USBD_LL_Suspend)
    i.USBD_LL_Transmit                       0x08004d54   Section        0  usbd_conf.o(i.USBD_LL_Transmit)
    i.USBD_ParseSetupRequest                 0x08004d84   Section        0  usbd_ctlreq.o(i.USBD_ParseSetupRequest)
    i.USBD_RegisterClass                     0x08004dba   Section        0  usbd_core.o(i.USBD_RegisterClass)
    i.USBD_RunTestMode                       0x08004de0   Section        0  usbd_core.o(i.USBD_RunTestMode)
    i.USBD_SetAddress                        0x08004de6   Section        0  usbd_ctlreq.o(i.USBD_SetAddress)
    USBD_SetAddress                          0x08004de7   Thumb Code    90  usbd_ctlreq.o(i.USBD_SetAddress)
    i.USBD_SetClassConfig                    0x08004e40   Section        0  usbd_core.o(i.USBD_SetClassConfig)
    i.USBD_SetConfig                         0x08004e60   Section        0  usbd_ctlreq.o(i.USBD_SetConfig)
    USBD_SetConfig                           0x08004e61   Thumb Code   248  usbd_ctlreq.o(i.USBD_SetConfig)
    i.USBD_SetFeature                        0x08004f5c   Section        0  usbd_ctlreq.o(i.USBD_SetFeature)
    USBD_SetFeature                          0x08004f5d   Thumb Code    24  usbd_ctlreq.o(i.USBD_SetFeature)
    i.USBD_Start                             0x08004f74   Section        0  usbd_core.o(i.USBD_Start)
    i.USBD_StdDevReq                         0x08004f80   Section        0  usbd_ctlreq.o(i.USBD_StdDevReq)
    i.USBD_StdEPReq                          0x08005026   Section        0  usbd_ctlreq.o(i.USBD_StdEPReq)
    i.USBD_StdItfReq                         0x08005250   Section        0  usbd_ctlreq.o(i.USBD_StdItfReq)
    i.USBD_Stop                              0x080052ce   Section        0  usbd_core.o(i.USBD_Stop)
    i.USB_ActivateEndpoint                   0x080052fc   Section        0  stm32f7xx_ll_usb.o(i.USB_ActivateEndpoint)
    i.USB_ActivateSetup                      0x080053cc   Section        0  stm32f7xx_ll_usb.o(i.USB_ActivateSetup)
    i.USB_CoreInit                           0x080053f4   Section        0  stm32f7xx_ll_usb.o(i.USB_CoreInit)
    i.USB_CoreReset                          0x0800546c   Section        0  stm32f7xx_ll_usb.o(i.USB_CoreReset)
    USB_CoreReset                            0x0800546d   Thumb Code    70  stm32f7xx_ll_usb.o(i.USB_CoreReset)
    i.USB_DevConnect                         0x080054b8   Section        0  stm32f7xx_ll_usb.o(i.USB_DevConnect)
    i.USB_DevDisconnect                      0x080054d8   Section        0  stm32f7xx_ll_usb.o(i.USB_DevDisconnect)
    i.USB_DevInit                            0x080054f8   Section        0  stm32f7xx_ll_usb.o(i.USB_DevInit)
    i.USB_DisableGlobalInt                   0x080056f0   Section        0  stm32f7xx_ll_usb.o(i.USB_DisableGlobalInt)
    i.USB_EP0StartXfer                       0x08005700   Section        0  stm32f7xx_ll_usb.o(i.USB_EP0StartXfer)
    i.USB_EP0_OutStart                       0x080058d8   Section        0  stm32f7xx_ll_usb.o(i.USB_EP0_OutStart)
    i.USB_EPClearStall                       0x08005948   Section        0  stm32f7xx_ll_usb.o(i.USB_EPClearStall)
    i.USB_EPSetStall                         0x080059d6   Section        0  stm32f7xx_ll_usb.o(i.USB_EPSetStall)
    i.USB_EPStartXfer                        0x08005a70   Section        0  stm32f7xx_ll_usb.o(i.USB_EPStartXfer)
    i.USB_EnableGlobalInt                    0x08005db4   Section        0  stm32f7xx_ll_usb.o(i.USB_EnableGlobalInt)
    i.USB_FlushRxFifo                        0x08005dc4   Section        0  stm32f7xx_ll_usb.o(i.USB_FlushRxFifo)
    i.USB_FlushTxFifo                        0x08005df0   Section        0  stm32f7xx_ll_usb.o(i.USB_FlushTxFifo)
    i.USB_GetDevSpeed                        0x08005e20   Section        0  stm32f7xx_ll_usb.o(i.USB_GetDevSpeed)
    i.USB_GetMode                            0x08005e46   Section        0  stm32f7xx_ll_usb.o(i.USB_GetMode)
    i.USB_ReadDevAllInEpInterrupt            0x08005e50   Section        0  stm32f7xx_ll_usb.o(i.USB_ReadDevAllInEpInterrupt)
    i.USB_ReadDevAllOutEpInterrupt           0x08005e64   Section        0  stm32f7xx_ll_usb.o(i.USB_ReadDevAllOutEpInterrupt)
    i.USB_ReadDevInEPInterrupt               0x08005e78   Section        0  stm32f7xx_ll_usb.o(i.USB_ReadDevInEPInterrupt)
    i.USB_ReadDevOutEPInterrupt              0x08005eaa   Section        0  stm32f7xx_ll_usb.o(i.USB_ReadDevOutEPInterrupt)
    i.USB_ReadInterrupts                     0x08005ec4   Section        0  stm32f7xx_ll_usb.o(i.USB_ReadInterrupts)
    i.USB_ReadPacket                         0x08005ece   Section        0  stm32f7xx_ll_usb.o(i.USB_ReadPacket)
    i.USB_SetCurrentMode                     0x08005ef0   Section        0  stm32f7xx_ll_usb.o(i.USB_SetCurrentMode)
    i.USB_SetDevAddress                      0x08005f26   Section        0  stm32f7xx_ll_usb.o(i.USB_SetDevAddress)
    i.USB_SetDevSpeed                        0x08005f50   Section        0  stm32f7xx_ll_usb.o(i.USB_SetDevSpeed)
    i.USB_SetTurnaroundTime                  0x08005f64   Section        0  stm32f7xx_ll_usb.o(i.USB_SetTurnaroundTime)
    i.USB_StopDevice                         0x0800604c   Section        0  stm32f7xx_ll_usb.o(i.USB_StopDevice)
    i.USB_WritePacket                        0x080060a8   Section        0  stm32f7xx_ll_usb.o(i.USB_WritePacket)
    i.UsageFault_Handler                     0x080060e4   Section        0  stm32f7xx_it.o(i.UsageFault_Handler)
    i.__NVIC_GetPriorityGrouping             0x080060e8   Section        0  stm32f7xx_hal_cortex.o(i.__NVIC_GetPriorityGrouping)
    __NVIC_GetPriorityGrouping               0x080060e9   Thumb Code    10  stm32f7xx_hal_cortex.o(i.__NVIC_GetPriorityGrouping)
    i.__NVIC_SetPriority                     0x080060f8   Section        0  stm32f7xx_hal_cortex.o(i.__NVIC_SetPriority)
    __NVIC_SetPriority                       0x080060f9   Thumb Code    32  stm32f7xx_hal_cortex.o(i.__NVIC_SetPriority)
    i.__scatterload_copy                     0x08006120   Section       14  handlers.o(i.__scatterload_copy)
    i.__scatterload_null                     0x0800612e   Section        2  handlers.o(i.__scatterload_null)
    i.__scatterload_zeroinit                 0x08006130   Section       14  handlers.o(i.__scatterload_zeroinit)
    i.free                                   0x08006140   Section        0  malloc.o(i.free)
    i.main                                   0x08006190   Section        0  main.o(i.main)
    i.malloc                                 0x080061f4   Section        0  malloc.o(i.malloc)
    .constdata                               0x08006260   Section       24  system_stm32f7xx.o(.constdata)
    .conststring                             0x08006278   Section       66  usbd_dfu_if.o(.conststring)
    .data                                    0x20000000   Section        8  main.o(.data)
    .data                                    0x20000008   Section       94  usbd_desc.o(.data)
    .data                                    0x20000068   Section       28  usbd_dfu_if.o(.data)
    .data                                    0x20000084   Section        9  stm32f7xx_hal.o(.data)
    .data                                    0x20000090   Section        4  system_stm32f7xx.o(.data)
    .data                                    0x20000094   Section        1  usbd_ctlreq.o(.data)
    cfgidx                                   0x20000094   Data           1  usbd_ctlreq.o(.data)
    .data                                    0x20000098   Section       94  usbd_dfu.o(.data)
    USBD_DFU_CfgDesc                         0x200000d0   Data          27  usbd_dfu.o(.data)
    USBD_DFU_DeviceQualifierDesc             0x200000ec   Data          10  usbd_dfu.o(.data)
    .data                                    0x200000f8   Section        4  mvars.o(.data)
    .data                                    0x200000fc   Section        4  mvars.o(.data)
    .bss                                     0x20000100   Section       76  main.o(.bss)
    .bss                                     0x2000014c   Section      720  usb_device.o(.bss)
    .bss                                     0x2000041c   Section     1028  usbd_conf.o(.bss)
    .bss                                     0x20000820   Section      512  usbd_desc.o(.bss)
    .bss                                     0x20000a20   Section       64  stm32f7xx_hal_timebase_tim.o(.bss)
    .bss                                     0x20000a60   Section       28  stm32f7xx_hal_flash.o(.bss)
    HEAP                                     0x20000a80   Section     4096  startup_stm32f767xx.o(HEAP)
    STACK                                    0x20001a80   Section     4096  startup_stm32f767xx.o(STACK)

    Global Symbols

    Symbol Name                              Value     Ov Type        Size  Object(Section)

    BuildAttributes$$THM_ISAv4$E$P$D$K$B$S$7EM$VFPv5_D16$PE$PLD8$A:L22UL41UL21$X:L11$S22US41US21$IEEE1$IW$USESV6$~STKCKD$USESV7$~SHL$OSPACE$EBA8$MICROLIB$REQ8$PRES8$EABIv2 0x00000000   Number         0  anon$$obj.o ABSOLUTE
    __ARM_use_no_argv                        0x00000000   Number         0  main.o ABSOLUTE
    __cpp_initialize__aeabi_                  - Undefined Weak Reference
    __cxa_finalize                            - Undefined Weak Reference
    __decompress                              - Undefined Weak Reference
    _clock_init                               - Undefined Weak Reference
    _microlib_exit                            - Undefined Weak Reference
    __Vectors_Size                           0x000001f8   Number         0  startup_stm32f767xx.o ABSOLUTE
    __Vectors                                0x08000000   Data           4  startup_stm32f767xx.o(RESET)
    __Vectors_End                            0x080001f8   Data           0  startup_stm32f767xx.o(RESET)
    __main                                   0x080001f9   Thumb Code     0  entry.o(.ARM.Collect$$$$00000000)
    _main_stk                                0x080001f9   Thumb Code     0  entry2.o(.ARM.Collect$$$$00000001)
    _main_scatterload                        0x080001fd   Thumb Code     0  entry5.o(.ARM.Collect$$$$00000004)
    __main_after_scatterload                 0x08000201   Thumb Code     0  entry5.o(.ARM.Collect$$$$00000004)
    _main_clock                              0x08000201   Thumb Code     0  entry7b.o(.ARM.Collect$$$$00000008)
    _main_cpp_init                           0x08000201   Thumb Code     0  entry8b.o(.ARM.Collect$$$$0000000A)
    _main_init                               0x08000201   Thumb Code     0  entry9a.o(.ARM.Collect$$$$0000000B)
    __rt_final_cpp                           0x08000209   Thumb Code     0  entry10a.o(.ARM.Collect$$$$0000000D)
    __rt_final_exit                          0x08000209   Thumb Code     0  entry11a.o(.ARM.Collect$$$$0000000F)
    Reset_Handler                            0x0800020d   Thumb Code     8  startup_stm32f767xx.o(.text)
    SysTick_Handler                          0x08000225   Thumb Code     2  startup_stm32f767xx.o(.text)
    ADC_IRQHandler                           0x08000227   Thumb Code     0  startup_stm32f767xx.o(.text)
    CAN1_RX0_IRQHandler                      0x08000227   Thumb Code     0  startup_stm32f767xx.o(.text)
    CAN1_RX1_IRQHandler                      0x08000227   Thumb Code     0  startup_stm32f767xx.o(.text)
    CAN1_SCE_IRQHandler                      0x08000227   Thumb Code     0  startup_stm32f767xx.o(.text)
    CAN1_TX_IRQHandler                       0x08000227   Thumb Code     0  startup_stm32f767xx.o(.text)
    CAN2_RX0_IRQHandler                      0x08000227   Thumb Code     0  startup_stm32f767xx.o(.text)
    CAN2_RX1_IRQHandler                      0x08000227   Thumb Code     0  startup_stm32f767xx.o(.text)
    CAN2_SCE_IRQHandler                      0x08000227   Thumb Code     0  startup_stm32f767xx.o(.text)
    CAN2_TX_IRQHandler                       0x08000227   Thumb Code     0  startup_stm32f767xx.o(.text)
    CAN3_RX0_IRQHandler                      0x08000227   Thumb Code     0  startup_stm32f767xx.o(.text)
    CAN3_RX1_IRQHandler                      0x08000227   Thumb Code     0  startup_stm32f767xx.o(.text)
    CAN3_SCE_IRQHandler                      0x08000227   Thumb Code     0  startup_stm32f767xx.o(.text)
    CAN3_TX_IRQHandler                       0x08000227   Thumb Code     0  startup_stm32f767xx.o(.text)
    CEC_IRQHandler                           0x08000227   Thumb Code     0  startup_stm32f767xx.o(.text)
    DCMI_IRQHandler                          0x08000227   Thumb Code     0  startup_stm32f767xx.o(.text)
    DFSDM1_FLT0_IRQHandler                   0x08000227   Thumb Code     0  startup_stm32f767xx.o(.text)
    DFSDM1_FLT1_IRQHandler                   0x08000227   Thumb Code     0  startup_stm32f767xx.o(.text)
    DFSDM1_FLT2_IRQHandler                   0x08000227   Thumb Code     0  startup_stm32f767xx.o(.text)
    DFSDM1_FLT3_IRQHandler                   0x08000227   Thumb Code     0  startup_stm32f767xx.o(.text)
    DMA1_Stream0_IRQHandler                  0x08000227   Thumb Code     0  startup_stm32f767xx.o(.text)
    DMA1_Stream1_IRQHandler                  0x08000227   Thumb Code     0  startup_stm32f767xx.o(.text)
    DMA1_Stream2_IRQHandler                  0x08000227   Thumb Code     0  startup_stm32f767xx.o(.text)
    DMA1_Stream3_IRQHandler                  0x08000227   Thumb Code     0  startup_stm32f767xx.o(.text)
    DMA1_Stream4_IRQHandler                  0x08000227   Thumb Code     0  startup_stm32f767xx.o(.text)
    DMA1_Stream5_IRQHandler                  0x08000227   Thumb Code     0  startup_stm32f767xx.o(.text)
    DMA1_Stream6_IRQHandler                  0x08000227   Thumb Code     0  startup_stm32f767xx.o(.text)
    DMA1_Stream7_IRQHandler                  0x08000227   Thumb Code     0  startup_stm32f767xx.o(.text)
    DMA2D_IRQHandler                         0x08000227   Thumb Code     0  startup_stm32f767xx.o(.text)
    DMA2_Stream0_IRQHandler                  0x08000227   Thumb Code     0  startup_stm32f767xx.o(.text)
    DMA2_Stream1_IRQHandler                  0x08000227   Thumb Code     0  startup_stm32f767xx.o(.text)
    DMA2_Stream2_IRQHandler                  0x08000227   Thumb Code     0  startup_stm32f767xx.o(.text)
    DMA2_Stream3_IRQHandler                  0x08000227   Thumb Code     0  startup_stm32f767xx.o(.text)
    DMA2_Stream4_IRQHandler                  0x08000227   Thumb Code     0  startup_stm32f767xx.o(.text)
    DMA2_Stream5_IRQHandler                  0x08000227   Thumb Code     0  startup_stm32f767xx.o(.text)
    DMA2_Stream6_IRQHandler                  0x08000227   Thumb Code     0  startup_stm32f767xx.o(.text)
    DMA2_Stream7_IRQHandler                  0x08000227   Thumb Code     0  startup_stm32f767xx.o(.text)
    ETH_IRQHandler                           0x08000227   Thumb Code     0  startup_stm32f767xx.o(.text)
    ETH_WKUP_IRQHandler                      0x08000227   Thumb Code     0  startup_stm32f767xx.o(.text)
    EXTI0_IRQHandler                         0x08000227   Thumb Code     0  startup_stm32f767xx.o(.text)
    EXTI15_10_IRQHandler                     0x08000227   Thumb Code     0  startup_stm32f767xx.o(.text)
    EXTI1_IRQHandler                         0x08000227   Thumb Code     0  startup_stm32f767xx.o(.text)
    EXTI2_IRQHandler                         0x08000227   Thumb Code     0  startup_stm32f767xx.o(.text)
    EXTI3_IRQHandler                         0x08000227   Thumb Code     0  startup_stm32f767xx.o(.text)
    EXTI4_IRQHandler                         0x08000227   Thumb Code     0  startup_stm32f767xx.o(.text)
    EXTI9_5_IRQHandler                       0x08000227   Thumb Code     0  startup_stm32f767xx.o(.text)
    FLASH_IRQHandler                         0x08000227   Thumb Code     0  startup_stm32f767xx.o(.text)
    FMC_IRQHandler                           0x08000227   Thumb Code     0  startup_stm32f767xx.o(.text)
    FPU_IRQHandler                           0x08000227   Thumb Code     0  startup_stm32f767xx.o(.text)
    I2C1_ER_IRQHandler                       0x08000227   Thumb Code     0  startup_stm32f767xx.o(.text)
    I2C1_EV_IRQHandler                       0x08000227   Thumb Code     0  startup_stm32f767xx.o(.text)
    I2C2_ER_IRQHandler                       0x08000227   Thumb Code     0  startup_stm32f767xx.o(.text)
    I2C2_EV_IRQHandler                       0x08000227   Thumb Code     0  startup_stm32f767xx.o(.text)
    I2C3_ER_IRQHandler                       0x08000227   Thumb Code     0  startup_stm32f767xx.o(.text)
    I2C3_EV_IRQHandler                       0x08000227   Thumb Code     0  startup_stm32f767xx.o(.text)
    I2C4_ER_IRQHandler                       0x08000227   Thumb Code     0  startup_stm32f767xx.o(.text)
    I2C4_EV_IRQHandler                       0x08000227   Thumb Code     0  startup_stm32f767xx.o(.text)
    JPEG_IRQHandler                          0x08000227   Thumb Code     0  startup_stm32f767xx.o(.text)
    LPTIM1_IRQHandler                        0x08000227   Thumb Code     0  startup_stm32f767xx.o(.text)
    LTDC_ER_IRQHandler                       0x08000227   Thumb Code     0  startup_stm32f767xx.o(.text)
    LTDC_IRQHandler                          0x08000227   Thumb Code     0  startup_stm32f767xx.o(.text)
    MDIOS_IRQHandler                         0x08000227   Thumb Code     0  startup_stm32f767xx.o(.text)
    OTG_FS_IRQHandler                        0x08000227   Thumb Code     0  startup_stm32f767xx.o(.text)
    OTG_FS_WKUP_IRQHandler                   0x08000227   Thumb Code     0  startup_stm32f767xx.o(.text)
    OTG_HS_EP1_IN_IRQHandler                 0x08000227   Thumb Code     0  startup_stm32f767xx.o(.text)
    OTG_HS_EP1_OUT_IRQHandler                0x08000227   Thumb Code     0  startup_stm32f767xx.o(.text)
    OTG_HS_WKUP_IRQHandler                   0x08000227   Thumb Code     0  startup_stm32f767xx.o(.text)
    PVD_IRQHandler                           0x08000227   Thumb Code     0  startup_stm32f767xx.o(.text)
    QUADSPI_IRQHandler                       0x08000227   Thumb Code     0  startup_stm32f767xx.o(.text)
    RCC_IRQHandler                           0x08000227   Thumb Code     0  startup_stm32f767xx.o(.text)
    RNG_IRQHandler                           0x08000227   Thumb Code     0  startup_stm32f767xx.o(.text)
    RTC_Alarm_IRQHandler                     0x08000227   Thumb Code     0  startup_stm32f767xx.o(.text)
    RTC_WKUP_IRQHandler                      0x08000227   Thumb Code     0  startup_stm32f767xx.o(.text)
    SAI1_IRQHandler                          0x08000227   Thumb Code     0  startup_stm32f767xx.o(.text)
    SAI2_IRQHandler                          0x08000227   Thumb Code     0  startup_stm32f767xx.o(.text)
    SDMMC1_IRQHandler                        0x08000227   Thumb Code     0  startup_stm32f767xx.o(.text)
    SDMMC2_IRQHandler                        0x08000227   Thumb Code     0  startup_stm32f767xx.o(.text)
    SPDIF_RX_IRQHandler                      0x08000227   Thumb Code     0  startup_stm32f767xx.o(.text)
    SPI1_IRQHandler                          0x08000227   Thumb Code     0  startup_stm32f767xx.o(.text)
    SPI2_IRQHandler                          0x08000227   Thumb Code     0  startup_stm32f767xx.o(.text)
    SPI3_IRQHandler                          0x08000227   Thumb Code     0  startup_stm32f767xx.o(.text)
    SPI4_IRQHandler                          0x08000227   Thumb Code     0  startup_stm32f767xx.o(.text)
    SPI5_IRQHandler                          0x08000227   Thumb Code     0  startup_stm32f767xx.o(.text)
    SPI6_IRQHandler                          0x08000227   Thumb Code     0  startup_stm32f767xx.o(.text)
    TAMP_STAMP_IRQHandler                    0x08000227   Thumb Code     0  startup_stm32f767xx.o(.text)
    TIM1_BRK_TIM9_IRQHandler                 0x08000227   Thumb Code     0  startup_stm32f767xx.o(.text)
    TIM1_CC_IRQHandler                       0x08000227   Thumb Code     0  startup_stm32f767xx.o(.text)
    TIM1_TRG_COM_TIM11_IRQHandler            0x08000227   Thumb Code     0  startup_stm32f767xx.o(.text)
    TIM2_IRQHandler                          0x08000227   Thumb Code     0  startup_stm32f767xx.o(.text)
    TIM3_IRQHandler                          0x08000227   Thumb Code     0  startup_stm32f767xx.o(.text)
    TIM4_IRQHandler                          0x08000227   Thumb Code     0  startup_stm32f767xx.o(.text)
    TIM5_IRQHandler                          0x08000227   Thumb Code     0  startup_stm32f767xx.o(.text)
    TIM6_DAC_IRQHandler                      0x08000227   Thumb Code     0  startup_stm32f767xx.o(.text)
    TIM7_IRQHandler                          0x08000227   Thumb Code     0  startup_stm32f767xx.o(.text)
    TIM8_BRK_TIM12_IRQHandler                0x08000227   Thumb Code     0  startup_stm32f767xx.o(.text)
    TIM8_CC_IRQHandler                       0x08000227   Thumb Code     0  startup_stm32f767xx.o(.text)
    TIM8_TRG_COM_TIM14_IRQHandler            0x08000227   Thumb Code     0  startup_stm32f767xx.o(.text)
    TIM8_UP_TIM13_IRQHandler                 0x08000227   Thumb Code     0  startup_stm32f767xx.o(.text)
    UART4_IRQHandler                         0x08000227   Thumb Code     0  startup_stm32f767xx.o(.text)
    UART5_IRQHandler                         0x08000227   Thumb Code     0  startup_stm32f767xx.o(.text)
    UART7_IRQHandler                         0x08000227   Thumb Code     0  startup_stm32f767xx.o(.text)
    UART8_IRQHandler                         0x08000227   Thumb Code     0  startup_stm32f767xx.o(.text)
    USART1_IRQHandler                        0x08000227   Thumb Code     0  startup_stm32f767xx.o(.text)
    USART2_IRQHandler                        0x08000227   Thumb Code     0  startup_stm32f767xx.o(.text)
    USART3_IRQHandler                        0x08000227   Thumb Code     0  startup_stm32f767xx.o(.text)
    USART6_IRQHandler                        0x08000227   Thumb Code     0  startup_stm32f767xx.o(.text)
    WWDG_IRQHandler                          0x08000227   Thumb Code     0  startup_stm32f767xx.o(.text)
    __aeabi_uldivmod                         0x08000231   Thumb Code    98  uldiv.o(.text)
    __aeabi_memcpy                           0x08000293   Thumb Code    36  memcpya.o(.text)
    __aeabi_memcpy4                          0x08000293   Thumb Code     0  memcpya.o(.text)
    __aeabi_memcpy8                          0x08000293   Thumb Code     0  memcpya.o(.text)
    __aeabi_memset                           0x080002b7   Thumb Code    14  memseta.o(.text)
    __aeabi_memset4                          0x080002b7   Thumb Code     0  memseta.o(.text)
    __aeabi_memset8                          0x080002b7   Thumb Code     0  memseta.o(.text)
    __aeabi_memclr                           0x080002c5   Thumb Code     4  memseta.o(.text)
    __aeabi_memclr4                          0x080002c5   Thumb Code     0  memseta.o(.text)
    __aeabi_memclr8                          0x080002c5   Thumb Code     0  memseta.o(.text)
    _memset$wrapper                          0x080002c9   Thumb Code    18  memseta.o(.text)
    __aeabi_llsl                             0x080002db   Thumb Code    30  llshl.o(.text)
    _ll_shift_l                              0x080002db   Thumb Code     0  llshl.o(.text)
    __aeabi_llsr                             0x080002f9   Thumb Code    32  llushr.o(.text)
    _ll_ushift_r                             0x080002f9   Thumb Code     0  llushr.o(.text)
    __scatterload                            0x08000319   Thumb Code    28  init.o(.text)
    __scatterload_rt2                        0x08000319   Thumb Code     0  init.o(.text)
    BusFault_Handler                         0x0800033d   Thumb Code     4  stm32f7xx_it.o(i.BusFault_Handler)
    DebugMon_Handler                         0x0800080d   Thumb Code     2  stm32f7xx_it.o(i.DebugMon_Handler)
    Error_Handler                            0x0800080f   Thumb Code     2  main.o(i.Error_Handler)
    FLASH_Erase_Sector                       0x08000811   Thumb Code   108  stm32f7xx_hal_flash_ex.o(i.FLASH_Erase_Sector)
    FLASH_WaitForLastOperation               0x08000a45   Thumb Code    90  stm32f7xx_hal_flash.o(i.FLASH_WaitForLastOperation)
    HAL_Delay                                0x08000b71   Thumb Code    36  stm32f7xx_hal.o(i.HAL_Delay)
    HAL_FLASHEx_Erase                        0x08000b99   Thumb Code   162  stm32f7xx_hal_flash_ex.o(i.HAL_FLASHEx_Erase)
    HAL_FLASH_Lock                           0x08000c45   Thumb Code    16  stm32f7xx_hal_flash.o(i.HAL_FLASH_Lock)
    HAL_FLASH_Program                        0x08000c59   Thumb Code   154  stm32f7xx_hal_flash.o(i.HAL_FLASH_Program)
    HAL_FLASH_Unlock                         0x08000cfd   Thumb Code    38  stm32f7xx_hal_flash.o(i.HAL_FLASH_Unlock)
    HAL_GPIO_Init                            0x08000d31   Thumb Code   484  stm32f7xx_hal_gpio.o(i.HAL_GPIO_Init)
    HAL_GPIO_ReadPin                         0x08000f49   Thumb Code    16  stm32f7xx_hal_gpio.o(i.HAL_GPIO_ReadPin)
    HAL_GPIO_WritePin                        0x08000f59   Thumb Code    12  stm32f7xx_hal_gpio.o(i.HAL_GPIO_WritePin)
    HAL_GetTick                              0x08000f65   Thumb Code     6  stm32f7xx_hal.o(i.HAL_GetTick)
    HAL_I2CEx_ConfigAnalogFilter             0x08000f71   Thumb Code   106  stm32f7xx_hal_i2c_ex.o(i.HAL_I2CEx_ConfigAnalogFilter)
    HAL_I2CEx_ConfigDigitalFilter            0x08000fdb   Thumb Code   104  stm32f7xx_hal_i2c_ex.o(i.HAL_I2CEx_ConfigDigitalFilter)
    HAL_I2C_Init                             0x08001045   Thumb Code   192  stm32f7xx_hal_i2c.o(i.HAL_I2C_Init)
    HAL_I2C_MspInit                          0x08001109   Thumb Code   116  stm32f7xx_hal_msp.o(i.HAL_I2C_MspInit)
    HAL_IncTick                              0x08001189   Thumb Code    16  stm32f7xx_hal.o(i.HAL_IncTick)
    HAL_Init                                 0x080011a1   Thumb Code    22  stm32f7xx_hal.o(i.HAL_Init)
    HAL_InitTick                             0x080011b9   Thumb Code   118  stm32f7xx_hal_timebase_tim.o(i.HAL_InitTick)
    HAL_MspInit                              0x08001241   Thumb Code    60  stm32f7xx_hal_msp.o(i.HAL_MspInit)
    HAL_NVIC_EnableIRQ                       0x08001281   Thumb Code    32  stm32f7xx_hal_cortex.o(i.HAL_NVIC_EnableIRQ)
    HAL_NVIC_SetPriority                     0x080012a1   Thumb Code   124  stm32f7xx_hal_cortex.o(i.HAL_NVIC_SetPriority)
    HAL_NVIC_SetPriorityGrouping             0x0800131d   Thumb Code    32  stm32f7xx_hal_cortex.o(i.HAL_NVIC_SetPriorityGrouping)
    HAL_PCDEx_ActivateLPM                    0x08001345   Thumb Code    36  stm32f7xx_hal_pcd_ex.o(i.HAL_PCDEx_ActivateLPM)
    HAL_PCDEx_LPM_Callback                   0x0800136d   Thumb Code   106  usbd_conf.o(i.HAL_PCDEx_LPM_Callback)
    HAL_PCDEx_SetRxFiFo                      0x080013dd   Thumb Code    10  stm32f7xx_hal_pcd_ex.o(i.HAL_PCDEx_SetRxFiFo)
    HAL_PCDEx_SetTxFiFo                      0x080013e7   Thumb Code    78  stm32f7xx_hal_pcd_ex.o(i.HAL_PCDEx_SetTxFiFo)
    HAL_PCD_ConnectCallback                  0x08001435   Thumb Code    14  usbd_conf.o(i.HAL_PCD_ConnectCallback)
    HAL_PCD_DataInStageCallback              0x08001443   Thumb Code    32  usbd_conf.o(i.HAL_PCD_DataInStageCallback)
    HAL_PCD_DataOutStageCallback             0x08001463   Thumb Code    32  usbd_conf.o(i.HAL_PCD_DataOutStageCallback)
    HAL_PCD_DisconnectCallback               0x08001483   Thumb Code    14  usbd_conf.o(i.HAL_PCD_DisconnectCallback)
    HAL_PCD_EP_ClrStall                      0x08001491   Thumb Code   124  stm32f7xx_hal_pcd.o(i.HAL_PCD_EP_ClrStall)
    HAL_PCD_EP_Open                          0x0800150d   Thumb Code   140  stm32f7xx_hal_pcd.o(i.HAL_PCD_EP_Open)
    HAL_PCD_EP_Receive                       0x08001599   Thumb Code    88  stm32f7xx_hal_pcd.o(i.HAL_PCD_EP_Receive)
    HAL_PCD_EP_SetStall                      0x080015f1   Thumb Code   138  stm32f7xx_hal_pcd.o(i.HAL_PCD_EP_SetStall)
    HAL_PCD_EP_Transmit                      0x0800167b   Thumb Code    90  stm32f7xx_hal_pcd.o(i.HAL_PCD_EP_Transmit)
    HAL_PCD_IRQHandler                       0x080016d5   Thumb Code  1440  stm32f7xx_hal_pcd.o(i.HAL_PCD_IRQHandler)
    HAL_PCD_ISOINIncompleteCallback          0x08001c75   Thumb Code    18  usbd_conf.o(i.HAL_PCD_ISOINIncompleteCallback)
    HAL_PCD_ISOOUTIncompleteCallback         0x08001c87   Thumb Code    18  usbd_conf.o(i.HAL_PCD_ISOOUTIncompleteCallback)
    HAL_PCD_Init                             0x08001c99   Thumb Code   370  stm32f7xx_hal_pcd.o(i.HAL_PCD_Init)
    HAL_PCD_MspInit                          0x08001e0d   Thumb Code   128  usbd_conf.o(i.HAL_PCD_MspInit)
    HAL_PCD_ResetCallback                    0x08001e99   Thumb Code    48  usbd_conf.o(i.HAL_PCD_ResetCallback)
    HAL_PCD_ResumeCallback                   0x08001ec9   Thumb Code    14  usbd_conf.o(i.HAL_PCD_ResumeCallback)
    HAL_PCD_SOFCallback                      0x08001ed7   Thumb Code    14  usbd_conf.o(i.HAL_PCD_SOFCallback)
    HAL_PCD_SetAddress                       0x08001ee5   Thumb Code    54  stm32f7xx_hal_pcd.o(i.HAL_PCD_SetAddress)
    HAL_PCD_SetupStageCallback               0x08001f1b   Thumb Code    18  usbd_conf.o(i.HAL_PCD_SetupStageCallback)
    HAL_PCD_Start                            0x08001f2d   Thumb Code    52  stm32f7xx_hal_pcd.o(i.HAL_PCD_Start)
    HAL_PCD_Stop                             0x08001f61   Thumb Code    74  stm32f7xx_hal_pcd.o(i.HAL_PCD_Stop)
    HAL_PCD_SuspendCallback                  0x08001fad   Thumb Code    46  usbd_conf.o(i.HAL_PCD_SuspendCallback)
    HAL_PWREx_EnableOverDrive                0x08001fe1   Thumb Code   136  stm32f7xx_hal_pwr_ex.o(i.HAL_PWREx_EnableOverDrive)
    HAL_PWR_EnableBkUpAccess                 0x08002071   Thumb Code    14  stm32f7xx_hal_pwr.o(i.HAL_PWR_EnableBkUpAccess)
    HAL_RCCEx_PeriphCLKConfig                0x08002085   Thumb Code  1876  stm32f7xx_hal_rcc_ex.o(i.HAL_RCCEx_PeriphCLKConfig)
    HAL_RCC_CSSCallback                      0x080027dd   Thumb Code     2  stm32f7xx_hal_rcc.o(i.HAL_RCC_CSSCallback)
    HAL_RCC_ClockConfig                      0x080027e1   Thumb Code   384  stm32f7xx_hal_rcc.o(i.HAL_RCC_ClockConfig)
    HAL_RCC_EnableCSS                        0x08002975   Thumb Code    14  stm32f7xx_hal_rcc.o(i.HAL_RCC_EnableCSS)
    HAL_RCC_GetClockConfig                   0x08002989   Thumb Code    58  stm32f7xx_hal_rcc.o(i.HAL_RCC_GetClockConfig)
    HAL_RCC_GetHCLKFreq                      0x080029cd   Thumb Code     6  stm32f7xx_hal_rcc.o(i.HAL_RCC_GetHCLKFreq)
    HAL_RCC_GetPCLK2Freq                     0x080029d9   Thumb Code    22  stm32f7xx_hal_rcc.o(i.HAL_RCC_GetPCLK2Freq)
    HAL_RCC_GetSysClockFreq                  0x080029f9   Thumb Code   162  stm32f7xx_hal_rcc.o(i.HAL_RCC_GetSysClockFreq)
    HAL_RCC_MCOConfig                        0x08002aa9   Thumb Code   170  stm32f7xx_hal_rcc.o(i.HAL_RCC_MCOConfig)
    HAL_RCC_NMI_IRQHandler                   0x08002b61   Thumb Code    28  stm32f7xx_hal_rcc.o(i.HAL_RCC_NMI_IRQHandler)
    HAL_RCC_OscConfig                        0x08002b81   Thumb Code  1296  stm32f7xx_hal_rcc.o(i.HAL_RCC_OscConfig)
    HAL_TIMEx_Break2Callback                 0x08003095   Thumb Code     2  stm32f7xx_hal_tim_ex.o(i.HAL_TIMEx_Break2Callback)
    HAL_TIMEx_BreakCallback                  0x08003097   Thumb Code     2  stm32f7xx_hal_tim_ex.o(i.HAL_TIMEx_BreakCallback)
    HAL_TIMEx_CommutCallback                 0x08003099   Thumb Code     2  stm32f7xx_hal_tim_ex.o(i.HAL_TIMEx_CommutCallback)
    HAL_TIM_Base_Init                        0x0800309b   Thumb Code    52  stm32f7xx_hal_tim.o(i.HAL_TIM_Base_Init)
    HAL_TIM_Base_MspInit                     0x080030cf   Thumb Code     2  stm32f7xx_hal_tim.o(i.HAL_TIM_Base_MspInit)
    HAL_TIM_Base_Start_IT                    0x080030d1   Thumb Code    50  stm32f7xx_hal_tim.o(i.HAL_TIM_Base_Start_IT)
    HAL_TIM_IC_CaptureCallback               0x08003109   Thumb Code     2  stm32f7xx_hal_tim.o(i.HAL_TIM_IC_CaptureCallback)
    HAL_TIM_IRQHandler                       0x0800310b   Thumb Code   440  stm32f7xx_hal_tim.o(i.HAL_TIM_IRQHandler)
    HAL_TIM_OC_DelayElapsedCallback          0x080032c3   Thumb Code     2  stm32f7xx_hal_tim.o(i.HAL_TIM_OC_DelayElapsedCallback)
    HAL_TIM_PWM_PulseFinishedCallback        0x080032c5   Thumb Code     2  stm32f7xx_hal_tim.o(i.HAL_TIM_PWM_PulseFinishedCallback)
    HAL_TIM_PeriodElapsedCallback            0x080032c9   Thumb Code    18  main.o(i.HAL_TIM_PeriodElapsedCallback)
    HAL_TIM_TriggerCallback                  0x080032e1   Thumb Code     2  stm32f7xx_hal_tim.o(i.HAL_TIM_TriggerCallback)
    HardFault_Handler                        0x080032e3   Thumb Code     4  stm32f7xx_it.o(i.HardFault_Handler)
    MX_USB_DEVICE_Init                       0x08003a0d   Thumb Code    60  usb_device.o(i.MX_USB_DEVICE_Init)
    MemManage_Handler                        0x08003a59   Thumb Code     4  stm32f7xx_it.o(i.MemManage_Handler)
    NMI_Handler                              0x08003a5d   Thumb Code     8  stm32f7xx_it.o(i.NMI_Handler)
    OTG_HS_IRQHandler                        0x08003a65   Thumb Code    10  stm32f7xx_it.o(i.OTG_HS_IRQHandler)
    PendSV_Handler                           0x08003d0b   Thumb Code     2  stm32f7xx_it.o(i.PendSV_Handler)
    SVC_Handler                              0x08003d0d   Thumb Code     2  stm32f7xx_it.o(i.SVC_Handler)
    SystemClock_Config                       0x08003d21   Thumb Code   264  main.o(i.SystemClock_Config)
    SystemInit                               0x08003e35   Thumb Code    24  system_stm32f7xx.o(i.SystemInit)
    TIM1_UP_TIM10_IRQHandler                 0x08003e51   Thumb Code    10  stm32f7xx_it.o(i.TIM1_UP_TIM10_IRQHandler)
    TIM_Base_SetConfig                       0x08003e61   Thumb Code   170  stm32f7xx_hal_tim.o(i.TIM_Base_SetConfig)
    USBD_ClrClassConfig                      0x08003f39   Thumb Code    28  usbd_core.o(i.USBD_ClrClassConfig)
    USBD_CtlContinueRx                       0x08003f93   Thumb Code    24  usbd_ioreq.o(i.USBD_CtlContinueRx)
    USBD_CtlContinueSendData                 0x08003fab   Thumb Code    24  usbd_ioreq.o(i.USBD_CtlContinueSendData)
    USBD_CtlError                            0x08003fc3   Thumb Code    24  usbd_ctlreq.o(i.USBD_CtlError)
    USBD_CtlPrepareRx                        0x08003fdb   Thumb Code    40  usbd_ioreq.o(i.USBD_CtlPrepareRx)
    USBD_CtlReceiveStatus                    0x08004003   Thumb Code    26  usbd_ioreq.o(i.USBD_CtlReceiveStatus)
    USBD_CtlSendData                         0x0800401d   Thumb Code    34  usbd_ioreq.o(i.USBD_CtlSendData)
    USBD_CtlSendStatus                       0x0800403f   Thumb Code    26  usbd_ioreq.o(i.USBD_CtlSendStatus)
    USBD_DFU_RegisterMedia                   0x08004275   Thumb Code    16  usbd_dfu.o(i.USBD_DFU_RegisterMedia)
    USBD_GetString                           0x080046e5   Thumb Code    84  usbd_ctlreq.o(i.USBD_GetString)
    USBD_Get_USB_Status                      0x08004739   Thumb Code    44  usbd_conf.o(i.USBD_Get_USB_Status)
    USBD_HS_ConfigStrDescriptor              0x08004765   Thumb Code    34  usbd_desc.o(i.USBD_HS_ConfigStrDescriptor)
    USBD_HS_DeviceDescriptor                 0x08004799   Thumb Code    10  usbd_desc.o(i.USBD_HS_DeviceDescriptor)
    USBD_HS_InterfaceStrDescriptor           0x080047a9   Thumb Code    34  usbd_desc.o(i.USBD_HS_InterfaceStrDescriptor)
    USBD_HS_LangIDStrDescriptor              0x080047e1   Thumb Code    10  usbd_desc.o(i.USBD_HS_LangIDStrDescriptor)
    USBD_HS_ManufacturerStrDescriptor        0x080047f1   Thumb Code    20  usbd_desc.o(i.USBD_HS_ManufacturerStrDescriptor)
    USBD_HS_ProductStrDescriptor             0x0800481d   Thumb Code    34  usbd_desc.o(i.USBD_HS_ProductStrDescriptor)
    USBD_HS_SerialStrDescriptor              0x08004865   Thumb Code    18  usbd_desc.o(i.USBD_HS_SerialStrDescriptor)
    USBD_HS_USR_BOSDescriptor                0x0800487d   Thumb Code    10  usbd_desc.o(i.USBD_HS_USR_BOSDescriptor)
    USBD_Init                                0x0800488d   Thumb Code    68  usbd_core.o(i.USBD_Init)
    USBD_LL_ClearStallEP                     0x080048d1   Thumb Code    38  usbd_conf.o(i.USBD_LL_ClearStallEP)
    USBD_LL_DataInStage                      0x080048f7   Thumb Code   230  usbd_core.o(i.USBD_LL_DataInStage)
    USBD_LL_DataOutStage                     0x080049dd   Thumb Code   146  usbd_core.o(i.USBD_LL_DataOutStage)
    USBD_LL_DevConnected                     0x08004a6f   Thumb Code     6  usbd_core.o(i.USBD_LL_DevConnected)
    USBD_LL_DevDisconnected                  0x08004a75   Thumb Code    32  usbd_core.o(i.USBD_LL_DevDisconnected)
    USBD_LL_Init                             0x08004a95   Thumb Code   104  usbd_conf.o(i.USBD_LL_Init)
    USBD_LL_IsStallEP                        0x08004b05   Thumb Code    56  usbd_conf.o(i.USBD_LL_IsStallEP)
    USBD_LL_IsoINIncomplete                  0x08004b3d   Thumb Code     6  usbd_core.o(i.USBD_LL_IsoINIncomplete)
    USBD_LL_IsoOUTIncomplete                 0x08004b43   Thumb Code     6  usbd_core.o(i.USBD_LL_IsoOUTIncomplete)
    USBD_LL_OpenEP                           0x08004b49   Thumb Code    48  usbd_conf.o(i.USBD_LL_OpenEP)
    USBD_LL_PrepareReceive                   0x08004b79   Thumb Code    48  usbd_conf.o(i.USBD_LL_PrepareReceive)
    USBD_LL_Reset                            0x08004ba9   Thumb Code    90  usbd_core.o(i.USBD_LL_Reset)
    USBD_LL_Resume                           0x08004c03   Thumb Code    22  usbd_core.o(i.USBD_LL_Resume)
    USBD_LL_SOF                              0x08004c19   Thumb Code    34  usbd_core.o(i.USBD_LL_SOF)
    USBD_LL_SetSpeed                         0x08004c3b   Thumb Code     8  usbd_core.o(i.USBD_LL_SetSpeed)
    USBD_LL_SetUSBAddress                    0x08004c43   Thumb Code    38  usbd_conf.o(i.USBD_LL_SetUSBAddress)
    USBD_LL_SetupStage                       0x08004c69   Thumb Code   118  usbd_core.o(i.USBD_LL_SetupStage)
    USBD_LL_StallEP                          0x08004cdf   Thumb Code    38  usbd_conf.o(i.USBD_LL_StallEP)
    USBD_LL_Start                            0x08004d05   Thumb Code    30  usbd_conf.o(i.USBD_LL_Start)
    USBD_LL_Stop                             0x08004d23   Thumb Code    30  usbd_conf.o(i.USBD_LL_Stop)
    USBD_LL_Suspend                          0x08004d41   Thumb Code    20  usbd_core.o(i.USBD_LL_Suspend)
    USBD_LL_Transmit                         0x08004d55   Thumb Code    48  usbd_conf.o(i.USBD_LL_Transmit)
    USBD_ParseSetupRequest                   0x08004d85   Thumb Code    54  usbd_ctlreq.o(i.USBD_ParseSetupRequest)
    USBD_RegisterClass                       0x08004dbb   Thumb Code    38  usbd_core.o(i.USBD_RegisterClass)
    USBD_RunTestMode                         0x08004de1   Thumb Code     6  usbd_core.o(i.USBD_RunTestMode)
    USBD_SetClassConfig                      0x08004e41   Thumb Code    32  usbd_core.o(i.USBD_SetClassConfig)
    USBD_Start                               0x08004f75   Thumb Code    12  usbd_core.o(i.USBD_Start)
    USBD_StdDevReq                           0x08004f81   Thumb Code   166  usbd_ctlreq.o(i.USBD_StdDevReq)
    USBD_StdEPReq                            0x08005027   Thumb Code   554  usbd_ctlreq.o(i.USBD_StdEPReq)
    USBD_StdItfReq                           0x08005251   Thumb Code   126  usbd_ctlreq.o(i.USBD_StdItfReq)
    USBD_Stop                                0x080052cf   Thumb Code    46  usbd_core.o(i.USBD_Stop)
    USB_ActivateEndpoint                     0x080052fd   Thumb Code   202  stm32f7xx_ll_usb.o(i.USB_ActivateEndpoint)
    USB_ActivateSetup                        0x080053cd   Thumb Code    40  stm32f7xx_ll_usb.o(i.USB_ActivateSetup)
    USB_CoreInit                             0x080053f5   Thumb Code   114  stm32f7xx_ll_usb.o(i.USB_CoreInit)
    USB_DevConnect                           0x080054b9   Thumb Code    32  stm32f7xx_ll_usb.o(i.USB_DevConnect)
    USB_DevDisconnect                        0x080054d9   Thumb Code    32  stm32f7xx_ll_usb.o(i.USB_DevDisconnect)
    USB_DevInit                              0x080054f9   Thumb Code   494  stm32f7xx_ll_usb.o(i.USB_DevInit)
    USB_DisableGlobalInt                     0x080056f1   Thumb Code    14  stm32f7xx_ll_usb.o(i.USB_DisableGlobalInt)
    USB_EP0StartXfer                         0x08005701   Thumb Code   468  stm32f7xx_ll_usb.o(i.USB_EP0StartXfer)
    USB_EP0_OutStart                         0x080058d9   Thumb Code   106  stm32f7xx_ll_usb.o(i.USB_EP0_OutStart)
    USB_EPClearStall                         0x08005949   Thumb Code   142  stm32f7xx_ll_usb.o(i.USB_EPClearStall)
    USB_EPSetStall                           0x080059d7   Thumb Code   154  stm32f7xx_ll_usb.o(i.USB_EPSetStall)
    USB_EPStartXfer                          0x08005a71   Thumb Code   832  stm32f7xx_ll_usb.o(i.USB_EPStartXfer)
    USB_EnableGlobalInt                      0x08005db5   Thumb Code    14  stm32f7xx_ll_usb.o(i.USB_EnableGlobalInt)
    USB_FlushRxFifo                          0x08005dc5   Thumb Code    38  stm32f7xx_ll_usb.o(i.USB_FlushRxFifo)
    USB_FlushTxFifo                          0x08005df1   Thumb Code    44  stm32f7xx_ll_usb.o(i.USB_FlushTxFifo)
    USB_GetDevSpeed                          0x08005e21   Thumb Code    38  stm32f7xx_ll_usb.o(i.USB_GetDevSpeed)
    USB_GetMode                              0x08005e47   Thumb Code    10  stm32f7xx_ll_usb.o(i.USB_GetMode)
    USB_ReadDevAllInEpInterrupt              0x08005e51   Thumb Code    20  stm32f7xx_ll_usb.o(i.USB_ReadDevAllInEpInterrupt)
    USB_ReadDevAllOutEpInterrupt             0x08005e65   Thumb Code    20  stm32f7xx_ll_usb.o(i.USB_ReadDevAllOutEpInterrupt)
    USB_ReadDevInEPInterrupt                 0x08005e79   Thumb Code    50  stm32f7xx_ll_usb.o(i.USB_ReadDevInEPInterrupt)
    USB_ReadDevOutEPInterrupt                0x08005eab   Thumb Code    26  stm32f7xx_ll_usb.o(i.USB_ReadDevOutEPInterrupt)
    USB_ReadInterrupts                       0x08005ec5   Thumb Code    10  stm32f7xx_ll_usb.o(i.USB_ReadInterrupts)
    USB_ReadPacket                           0x08005ecf   Thumb Code    34  stm32f7xx_ll_usb.o(i.USB_ReadPacket)
    USB_SetCurrentMode                       0x08005ef1   Thumb Code    54  stm32f7xx_ll_usb.o(i.USB_SetCurrentMode)
    USB_SetDevAddress                        0x08005f27   Thumb Code    42  stm32f7xx_ll_usb.o(i.USB_SetDevAddress)
    USB_SetDevSpeed                          0x08005f51   Thumb Code    18  stm32f7xx_ll_usb.o(i.USB_SetDevSpeed)
    USB_SetTurnaroundTime                    0x08005f65   Thumb Code   192  stm32f7xx_ll_usb.o(i.USB_SetTurnaroundTime)
    USB_StopDevice                           0x0800604d   Thumb Code    92  stm32f7xx_ll_usb.o(i.USB_StopDevice)
    USB_WritePacket                          0x080060a9   Thumb Code    60  stm32f7xx_ll_usb.o(i.USB_WritePacket)
    UsageFault_Handler                       0x080060e5   Thumb Code     4  stm32f7xx_it.o(i.UsageFault_Handler)
    __scatterload_copy                       0x08006121   Thumb Code    14  handlers.o(i.__scatterload_copy)
    __scatterload_null                       0x0800612f   Thumb Code     2  handlers.o(i.__scatterload_null)
    __scatterload_zeroinit                   0x08006131   Thumb Code    14  handlers.o(i.__scatterload_zeroinit)
    free                                     0x08006141   Thumb Code    76  malloc.o(i.free)
    main                                     0x08006191   Thumb Code    80  main.o(i.main)
    malloc                                   0x080061f5   Thumb Code    92  malloc.o(i.malloc)
    AHBPrescTable                            0x08006260   Data          16  system_stm32f7xx.o(.constdata)
    APBPrescTable                            0x08006270   Data           8  system_stm32f7xx.o(.constdata)
    Region$$Table$$Base                      0x080062bc   Number         0  anon$$obj.o(Region$$Table)
    Region$$Table$$Limit                     0x080062dc   Number         0  anon$$obj.o(Region$$Table)
    JumpToApplication                        0x20000000   Data           4  main.o(.data)
    JumpAddress                              0x20000004   Data           4  main.o(.data)
    HS_Desc                                  0x20000008   Data          32  usbd_desc.o(.data)
    USBD_HS_DeviceDesc                       0x20000028   Data          18  usbd_desc.o(.data)
    USBD_HS_BOSDesc                          0x2000003c   Data          12  usbd_desc.o(.data)
    USBD_LangIDDesc                          0x20000048   Data           4  usbd_desc.o(.data)
    USBD_StringSerial                        0x2000004c   Data          26  usbd_desc.o(.data)
    USBD_DFU_fops_HS                         0x20000068   Data          28  usbd_dfu_if.o(.data)
    uwTick                                   0x20000084   Data           4  stm32f7xx_hal.o(.data)
    uwTickPrio                               0x20000088   Data           4  stm32f7xx_hal.o(.data)
    uwTickFreq                               0x2000008c   Data           1  stm32f7xx_hal.o(.data)
    SystemCoreClock                          0x20000090   Data           4  system_stm32f7xx.o(.data)
    USBD_DFU                                 0x20000098   Data          56  usbd_dfu.o(.data)
    __microlib_freelist                      0x200000f8   Data           4  mvars.o(.data)
    __microlib_freelist_initialised          0x200000fc   Data           4  mvars.o(.data)
    hi2c4                                    0x20000100   Data          76  main.o(.bss)
    hUsbDeviceHS                             0x2000014c   Data         720  usb_device.o(.bss)
    hpcd_USB_OTG_HS                          0x2000041c   Data        1028  usbd_conf.o(.bss)
    USBD_StrDesc                             0x20000820   Data         512  usbd_desc.o(.bss)
    htim1                                    0x20000a20   Data          64  stm32f7xx_hal_timebase_tim.o(.bss)
    pFlash                                   0x20000a60   Data          28  stm32f7xx_hal_flash.o(.bss)
    __heap_base                              0x20000a80   Data           0  startup_stm32f767xx.o(HEAP)
    __heap_limit                             0x20001a80   Data           0  startup_stm32f767xx.o(HEAP)
    __initial_sp                             0x20002a80   Data           0  startup_stm32f767xx.o(STACK)



==============================================================================

Memory Map of the image

  Image Entry point : 0x080001f9

  Load Region LR_IROM1 (Base: 0x08000000, Size: 0x000063dc, Max: 0x00100000, ABSOLUTE)

    Execution Region ER_IROM1 (Exec base: 0x08000000, Load base: 0x08000000, Size: 0x000062dc, Max: 0x00100000, ABSOLUTE)

    Exec Addr    Load Addr    Size         Type   Attr      Idx    E Section Name        Object

    0x08000000   0x08000000   0x000001f8   Data   RO            3    RESET               startup_stm32f767xx.o
    0x080001f8   0x080001f8   0x00000000   Code   RO         4500  * .ARM.Collect$$$$00000000  mc_w.l(entry.o)
    0x080001f8   0x080001f8   0x00000004   Code   RO         4539    .ARM.Collect$$$$00000001  mc_w.l(entry2.o)
    0x080001fc   0x080001fc   0x00000004   Code   RO         4542    .ARM.Collect$$$$00000004  mc_w.l(entry5.o)
    0x08000200   0x08000200   0x00000000   Code   RO         4544    .ARM.Collect$$$$00000008  mc_w.l(entry7b.o)
    0x08000200   0x08000200   0x00000000   Code   RO         4546    .ARM.Collect$$$$0000000A  mc_w.l(entry8b.o)
    0x08000200   0x08000200   0x00000008   Code   RO         4547    .ARM.Collect$$$$0000000B  mc_w.l(entry9a.o)
    0x08000208   0x08000208   0x00000000   Code   RO         4549    .ARM.Collect$$$$0000000D  mc_w.l(entry10a.o)
    0x08000208   0x08000208   0x00000000   Code   RO         4551    .ARM.Collect$$$$0000000F  mc_w.l(entry11a.o)
    0x08000208   0x08000208   0x00000004   Code   RO         4540    .ARM.Collect$$$$00002712  mc_w.l(entry2.o)
    0x0800020c   0x0800020c   0x00000024   Code   RO            4    .text               startup_stm32f767xx.o
    0x08000230   0x08000230   0x00000062   Code   RO         4503    .text               mc_w.l(uldiv.o)
    0x08000292   0x08000292   0x00000024   Code   RO         4505    .text               mc_w.l(memcpya.o)
    0x080002b6   0x080002b6   0x00000024   Code   RO         4507    .text               mc_w.l(memseta.o)
    0x080002da   0x080002da   0x0000001e   Code   RO         4553    .text               mc_w.l(llshl.o)
    0x080002f8   0x080002f8   0x00000020   Code   RO         4555    .text               mc_w.l(llushr.o)
    0x08000318   0x08000318   0x00000024   Code   RO         4559    .text               mc_w.l(init.o)
    0x0800033c   0x0800033c   0x00000004   Code   RO          603    i.BusFault_Handler  stm32f7xx_it.o
    0x08000340   0x08000340   0x00000064   Code   RO         4389    i.DFU_Abort         usbd_dfu.o
    0x080003a4   0x080003a4   0x00000066   Code   RO         4390    i.DFU_ClearStatus   usbd_dfu.o
    0x0800040a   0x0800040a   0x00000002   PAD
    0x0800040c   0x0800040c   0x0000008c   Code   RO         4391    i.DFU_Detach        usbd_dfu.o
    0x08000498   0x08000498   0x00000092   Code   RO         4392    i.DFU_Download      usbd_dfu.o
    0x0800052a   0x0800052a   0x00000016   Code   RO         4393    i.DFU_GetState      usbd_dfu.o
    0x08000540   0x08000540   0x000000fc   Code   RO         4394    i.DFU_GetStatus     usbd_dfu.o
    0x0800063c   0x0800063c   0x000000a4   Code   RO         4395    i.DFU_Leave         usbd_dfu.o
    0x080006e0   0x080006e0   0x0000012c   Code   RO         4396    i.DFU_Upload        usbd_dfu.o
    0x0800080c   0x0800080c   0x00000002   Code   RO          604    i.DebugMon_Handler  stm32f7xx_it.o
    0x0800080e   0x0800080e   0x00000002   Code   RO           13    i.Error_Handler     main.o
    0x08000810   0x08000810   0x00000070   Code   RO         3231    i.FLASH_Erase_Sector  stm32f7xx_hal_flash_ex.o
    0x08000880   0x08000880   0x00000064   Code   RO         3232    i.FLASH_MassErase   stm32f7xx_hal_flash_ex.o
    0x080008e4   0x080008e4   0x00000034   Code   RO         3113    i.FLASH_Program_Byte  stm32f7xx_hal_flash.o
    0x08000918   0x08000918   0x0000003c   Code   RO         3114    i.FLASH_Program_DoubleWord  stm32f7xx_hal_flash.o
    0x08000954   0x08000954   0x00000038   Code   RO         3115    i.FLASH_Program_HalfWord  stm32f7xx_hal_flash.o
    0x0800098c   0x0800098c   0x00000038   Code   RO         3116    i.FLASH_Program_Word  stm32f7xx_hal_flash.o
    0x080009c4   0x080009c4   0x00000080   Code   RO         3117    i.FLASH_SetErrorCode  stm32f7xx_hal_flash.o
    0x08000a44   0x08000a44   0x00000064   Code   RO         3118    i.FLASH_WaitForLastOperation  stm32f7xx_hal_flash.o
    0x08000aa8   0x08000aa8   0x00000094   Code   RO          542    i.GetSector         usbd_dfu_if.o
    0x08000b3c   0x08000b3c   0x00000034   Code   RO          446    i.Get_SerialNum     usbd_desc.o
    0x08000b70   0x08000b70   0x00000028   Code   RO         3776    i.HAL_Delay         stm32f7xx_hal.o
    0x08000b98   0x08000b98   0x000000ac   Code   RO         3244    i.HAL_FLASHEx_Erase  stm32f7xx_hal_flash_ex.o
    0x08000c44   0x08000c44   0x00000014   Code   RO         3122    i.HAL_FLASH_Lock    stm32f7xx_hal_flash.o
    0x08000c58   0x08000c58   0x000000a4   Code   RO         3127    i.HAL_FLASH_Program  stm32f7xx_hal_flash.o
    0x08000cfc   0x08000cfc   0x00000034   Code   RO         3129    i.HAL_FLASH_Unlock  stm32f7xx_hal_flash.o
    0x08000d30   0x08000d30   0x00000218   Code   RO         3343    i.HAL_GPIO_Init     stm32f7xx_hal_gpio.o
    0x08000f48   0x08000f48   0x00000010   Code   RO         3345    i.HAL_GPIO_ReadPin  stm32f7xx_hal_gpio.o
    0x08000f58   0x08000f58   0x0000000c   Code   RO         3347    i.HAL_GPIO_WritePin  stm32f7xx_hal_gpio.o
    0x08000f64   0x08000f64   0x0000000c   Code   RO         3786    i.HAL_GetTick       stm32f7xx_hal.o
    0x08000f70   0x08000f70   0x0000006a   Code   RO         1942    i.HAL_I2CEx_ConfigAnalogFilter  stm32f7xx_hal_i2c_ex.o
    0x08000fda   0x08000fda   0x00000068   Code   RO         1943    i.HAL_I2CEx_ConfigDigitalFilter  stm32f7xx_hal_i2c_ex.o
    0x08001042   0x08001042   0x00000002   PAD
    0x08001044   0x08001044   0x000000c4   Code   RO         1496    i.HAL_I2C_Init      stm32f7xx_hal_i2c.o
    0x08001108   0x08001108   0x00000080   Code   RO          686    i.HAL_I2C_MspInit   stm32f7xx_hal_msp.o
    0x08001188   0x08001188   0x00000018   Code   RO         3792    i.HAL_IncTick       stm32f7xx_hal.o
    0x080011a0   0x080011a0   0x00000016   Code   RO         3793    i.HAL_Init          stm32f7xx_hal.o
    0x080011b6   0x080011b6   0x00000002   PAD
    0x080011b8   0x080011b8   0x00000088   Code   RO          721    i.HAL_InitTick      stm32f7xx_hal_timebase_tim.o
    0x08001240   0x08001240   0x00000040   Code   RO          687    i.HAL_MspInit       stm32f7xx_hal_msp.o
    0x08001280   0x08001280   0x00000020   Code   RO         1350    i.HAL_NVIC_EnableIRQ  stm32f7xx_hal_cortex.o
    0x080012a0   0x080012a0   0x0000007c   Code   RO         1356    i.HAL_NVIC_SetPriority  stm32f7xx_hal_cortex.o
    0x0800131c   0x0800131c   0x00000028   Code   RO         1357    i.HAL_NVIC_SetPriorityGrouping  stm32f7xx_hal_cortex.o
    0x08001344   0x08001344   0x00000028   Code   RO          985    i.HAL_PCDEx_ActivateLPM  stm32f7xx_hal_pcd_ex.o
    0x0800136c   0x0800136c   0x00000070   Code   RO          245    i.HAL_PCDEx_LPM_Callback  usbd_conf.o
    0x080013dc   0x080013dc   0x0000000a   Code   RO          989    i.HAL_PCDEx_SetRxFiFo  stm32f7xx_hal_pcd_ex.o
    0x080013e6   0x080013e6   0x0000004e   Code   RO          990    i.HAL_PCDEx_SetTxFiFo  stm32f7xx_hal_pcd_ex.o
    0x08001434   0x08001434   0x0000000e   Code   RO          246    i.HAL_PCD_ConnectCallback  usbd_conf.o
    0x08001442   0x08001442   0x00000020   Code   RO          247    i.HAL_PCD_DataInStageCallback  usbd_conf.o
    0x08001462   0x08001462   0x00000020   Code   RO          248    i.HAL_PCD_DataOutStageCallback  usbd_conf.o
    0x08001482   0x08001482   0x0000000e   Code   RO          249    i.HAL_PCD_DisconnectCallback  usbd_conf.o
    0x08001490   0x08001490   0x0000007c   Code   RO          770    i.HAL_PCD_EP_ClrStall  stm32f7xx_hal_pcd.o
    0x0800150c   0x0800150c   0x0000008c   Code   RO          773    i.HAL_PCD_EP_Open   stm32f7xx_hal_pcd.o
    0x08001598   0x08001598   0x00000058   Code   RO          774    i.HAL_PCD_EP_Receive  stm32f7xx_hal_pcd.o
    0x080015f0   0x080015f0   0x0000008a   Code   RO          775    i.HAL_PCD_EP_SetStall  stm32f7xx_hal_pcd.o
    0x0800167a   0x0800167a   0x0000005a   Code   RO          776    i.HAL_PCD_EP_Transmit  stm32f7xx_hal_pcd.o
    0x080016d4   0x080016d4   0x000005a0   Code   RO          778    i.HAL_PCD_IRQHandler  stm32f7xx_hal_pcd.o
    0x08001c74   0x08001c74   0x00000012   Code   RO          250    i.HAL_PCD_ISOINIncompleteCallback  usbd_conf.o
    0x08001c86   0x08001c86   0x00000012   Code   RO          251    i.HAL_PCD_ISOOUTIncompleteCallback  usbd_conf.o
    0x08001c98   0x08001c98   0x00000172   Code   RO          781    i.HAL_PCD_Init      stm32f7xx_hal_pcd.o
    0x08001e0a   0x08001e0a   0x00000002   PAD
    0x08001e0c   0x08001e0c   0x0000008c   Code   RO          253    i.HAL_PCD_MspInit   usbd_conf.o
    0x08001e98   0x08001e98   0x00000030   Code   RO          254    i.HAL_PCD_ResetCallback  usbd_conf.o
    0x08001ec8   0x08001ec8   0x0000000e   Code   RO          255    i.HAL_PCD_ResumeCallback  usbd_conf.o
    0x08001ed6   0x08001ed6   0x0000000e   Code   RO          256    i.HAL_PCD_SOFCallback  usbd_conf.o
    0x08001ee4   0x08001ee4   0x00000036   Code   RO          787    i.HAL_PCD_SetAddress  stm32f7xx_hal_pcd.o
    0x08001f1a   0x08001f1a   0x00000012   Code   RO          257    i.HAL_PCD_SetupStageCallback  usbd_conf.o
    0x08001f2c   0x08001f2c   0x00000034   Code   RO          789    i.HAL_PCD_Start     stm32f7xx_hal_pcd.o
    0x08001f60   0x08001f60   0x0000004a   Code   RO          790    i.HAL_PCD_Stop      stm32f7xx_hal_pcd.o
    0x08001faa   0x08001faa   0x00000002   PAD
    0x08001fac   0x08001fac   0x00000034   Code   RO          258    i.HAL_PCD_SuspendCallback  usbd_conf.o
    0x08001fe0   0x08001fe0   0x00000090   Code   RO         3683    i.HAL_PWREx_EnableOverDrive  stm32f7xx_hal_pwr_ex.o
    0x08002070   0x08002070   0x00000014   Code   RO         3560    i.HAL_PWR_EnableBkUpAccess  stm32f7xx_hal_pwr.o
    0x08002084   0x08002084   0x00000758   Code   RO         3059    i.HAL_RCCEx_PeriphCLKConfig  stm32f7xx_hal_rcc_ex.o
    0x080027dc   0x080027dc   0x00000002   Code   RO         2951    i.HAL_RCC_CSSCallback  stm32f7xx_hal_rcc.o
    0x080027de   0x080027de   0x00000002   PAD
    0x080027e0   0x080027e0   0x00000194   Code   RO         2952    i.HAL_RCC_ClockConfig  stm32f7xx_hal_rcc.o
    0x08002974   0x08002974   0x00000014   Code   RO         2955    i.HAL_RCC_EnableCSS  stm32f7xx_hal_rcc.o
    0x08002988   0x08002988   0x00000044   Code   RO         2956    i.HAL_RCC_GetClockConfig  stm32f7xx_hal_rcc.o
    0x080029cc   0x080029cc   0x0000000c   Code   RO         2957    i.HAL_RCC_GetHCLKFreq  stm32f7xx_hal_rcc.o
    0x080029d8   0x080029d8   0x00000020   Code   RO         2960    i.HAL_RCC_GetPCLK2Freq  stm32f7xx_hal_rcc.o
    0x080029f8   0x080029f8   0x000000b0   Code   RO         2961    i.HAL_RCC_GetSysClockFreq  stm32f7xx_hal_rcc.o
    0x08002aa8   0x08002aa8   0x000000b8   Code   RO         2962    i.HAL_RCC_MCOConfig  stm32f7xx_hal_rcc.o
    0x08002b60   0x08002b60   0x00000020   Code   RO         2963    i.HAL_RCC_NMI_IRQHandler  stm32f7xx_hal_rcc.o
    0x08002b80   0x08002b80   0x00000514   Code   RO         2964    i.HAL_RCC_OscConfig  stm32f7xx_hal_rcc.o
    0x08003094   0x08003094   0x00000002   Code   RO         2682    i.HAL_TIMEx_Break2Callback  stm32f7xx_hal_tim_ex.o
    0x08003096   0x08003096   0x00000002   Code   RO         2683    i.HAL_TIMEx_BreakCallback  stm32f7xx_hal_tim_ex.o
    0x08003098   0x08003098   0x00000002   Code   RO         2684    i.HAL_TIMEx_CommutCallback  stm32f7xx_hal_tim_ex.o
    0x0800309a   0x0800309a   0x00000034   Code   RO         1986    i.HAL_TIM_Base_Init  stm32f7xx_hal_tim.o
    0x080030ce   0x080030ce   0x00000002   Code   RO         1988    i.HAL_TIM_Base_MspInit  stm32f7xx_hal_tim.o
    0x080030d0   0x080030d0   0x00000038   Code   RO         1991    i.HAL_TIM_Base_Start_IT  stm32f7xx_hal_tim.o
    0x08003108   0x08003108   0x00000002   Code   RO         2015    i.HAL_TIM_IC_CaptureCallback  stm32f7xx_hal_tim.o
    0x0800310a   0x0800310a   0x000001b8   Code   RO         2029    i.HAL_TIM_IRQHandler  stm32f7xx_hal_tim.o
    0x080032c2   0x080032c2   0x00000002   Code   RO         2032    i.HAL_TIM_OC_DelayElapsedCallback  stm32f7xx_hal_tim.o
    0x080032c4   0x080032c4   0x00000002   Code   RO         2059    i.HAL_TIM_PWM_PulseFinishedCallback  stm32f7xx_hal_tim.o
    0x080032c6   0x080032c6   0x00000002   PAD
    0x080032c8   0x080032c8   0x00000018   Code   RO           14    i.HAL_TIM_PeriodElapsedCallback  main.o
    0x080032e0   0x080032e0   0x00000002   Code   RO         2072    i.HAL_TIM_TriggerCallback  stm32f7xx_hal_tim.o
    0x080032e2   0x080032e2   0x00000004   Code   RO          605    i.HardFault_Handler  stm32f7xx_it.o
    0x080032e6   0x080032e6   0x0000003e   Code   RO          447    i.IntToUnicode      usbd_desc.o
    0x08003324   0x08003324   0x0000000a   Code   RO          543    i.MEM_If_DeInit_HS  usbd_dfu_if.o
    0x0800332e   0x0800332e   0x00000038   Code   RO          544    i.MEM_If_Erase_HS   usbd_dfu_if.o
    0x08003366   0x08003366   0x00000028   Code   RO          545    i.MEM_If_GetStatus_HS  usbd_dfu_if.o
    0x0800338e   0x0800338e   0x0000000a   Code   RO          546    i.MEM_If_Init_HS    usbd_dfu_if.o
    0x08003398   0x08003398   0x0000001e   Code   RO          547    i.MEM_If_Read_HS    usbd_dfu_if.o
    0x080033b6   0x080033b6   0x0000003e   Code   RO          548    i.MEM_If_Write_HS   usbd_dfu_if.o
    0x080033f4   0x080033f4   0x000005c0   Code   RO           15    i.MX_GPIO_Init      main.o
    0x080039b4   0x080039b4   0x00000058   Code   RO           16    i.MX_I2C4_Init      main.o
    0x08003a0c   0x08003a0c   0x0000004c   Code   RO          215    i.MX_USB_DEVICE_Init  usb_device.o
    0x08003a58   0x08003a58   0x00000004   Code   RO          606    i.MemManage_Handler  stm32f7xx_it.o
    0x08003a5c   0x08003a5c   0x00000008   Code   RO          607    i.NMI_Handler       stm32f7xx_it.o
    0x08003a64   0x08003a64   0x00000010   Code   RO          608    i.OTG_HS_IRQHandler  stm32f7xx_it.o
    0x08003a74   0x08003a74   0x00000064   Code   RO          792    i.PCD_EP_OutSetupPacket_int  stm32f7xx_hal_pcd.o
    0x08003ad8   0x08003ad8   0x0000017c   Code   RO          793    i.PCD_EP_OutXfrComplete_int  stm32f7xx_hal_pcd.o
    0x08003c54   0x08003c54   0x000000b6   Code   RO          794    i.PCD_WriteEmptyTxFifo  stm32f7xx_hal_pcd.o
    0x08003d0a   0x08003d0a   0x00000002   Code   RO          609    i.PendSV_Handler    stm32f7xx_it.o
    0x08003d0c   0x08003d0c   0x00000002   Code   RO          610    i.SVC_Handler       stm32f7xx_it.o
    0x08003d0e   0x08003d0e   0x00000012   Code   RO         4226    i.SWAPBYTE          usbd_ctlreq.o
    0x08003d20   0x08003d20   0x00000114   Code   RO           17    i.SystemClock_Config  main.o
    0x08003e34   0x08003e34   0x0000001c   Code   RO         4052    i.SystemInit        system_stm32f7xx.o
    0x08003e50   0x08003e50   0x00000010   Code   RO          611    i.TIM1_UP_TIM10_IRQHandler  stm32f7xx_it.o
    0x08003e60   0x08003e60   0x000000d8   Code   RO         2074    i.TIM_Base_SetConfig  stm32f7xx_hal_tim.o
    0x08003f38   0x08003f38   0x0000001c   Code   RO         4088    i.USBD_ClrClassConfig  usbd_core.o
    0x08003f54   0x08003f54   0x0000003e   Code   RO         4227    i.USBD_ClrFeature   usbd_ctlreq.o
    0x08003f92   0x08003f92   0x00000018   Code   RO         4329    i.USBD_CtlContinueRx  usbd_ioreq.o
    0x08003faa   0x08003faa   0x00000018   Code   RO         4330    i.USBD_CtlContinueSendData  usbd_ioreq.o
    0x08003fc2   0x08003fc2   0x00000018   Code   RO         4228    i.USBD_CtlError     usbd_ctlreq.o
    0x08003fda   0x08003fda   0x00000028   Code   RO         4331    i.USBD_CtlPrepareRx  usbd_ioreq.o
    0x08004002   0x08004002   0x0000001a   Code   RO         4332    i.USBD_CtlReceiveStatus  usbd_ioreq.o
    0x0800401c   0x0800401c   0x00000022   Code   RO         4333    i.USBD_CtlSendData  usbd_ioreq.o
    0x0800403e   0x0800403e   0x0000001a   Code   RO         4334    i.USBD_CtlSendStatus  usbd_ioreq.o
    0x08004058   0x08004058   0x0000004c   Code   RO         4397    i.USBD_DFU_DeInit   usbd_dfu.o
    0x080040a4   0x080040a4   0x00000006   Code   RO         4398    i.USBD_DFU_EP0_RxReady  usbd_dfu.o
    0x080040aa   0x080040aa   0x00000134   Code   RO         4399    i.USBD_DFU_EP0_TxReady  usbd_dfu.o
    0x080041de   0x080041de   0x00000002   PAD
    0x080041e0   0x080041e0   0x00000010   Code   RO         4400    i.USBD_DFU_GetCfgDesc  usbd_dfu.o
    0x080041f0   0x080041f0   0x00000010   Code   RO         4401    i.USBD_DFU_GetDeviceQualifierDesc  usbd_dfu.o
    0x08004200   0x08004200   0x00000074   Code   RO         4402    i.USBD_DFU_Init     usbd_dfu.o
    0x08004274   0x08004274   0x00000010   Code   RO         4403    i.USBD_DFU_RegisterMedia  usbd_dfu.o
    0x08004284   0x08004284   0x00000006   Code   RO         4404    i.USBD_DFU_SOF      usbd_dfu.o
    0x0800428a   0x0800428a   0x00000002   PAD
    0x0800428c   0x0800428c   0x00000160   Code   RO         4405    i.USBD_DFU_Setup    usbd_dfu.o
    0x080043ec   0x080043ec   0x00000056   Code   RO         4229    i.USBD_GetConfig    usbd_ctlreq.o
    0x08004442   0x08004442   0x00000232   Code   RO         4230    i.USBD_GetDescriptor  usbd_ctlreq.o
    0x08004674   0x08004674   0x00000016   Code   RO         4231    i.USBD_GetLen       usbd_ctlreq.o
    0x0800468a   0x0800468a   0x0000005a   Code   RO         4232    i.USBD_GetStatus    usbd_ctlreq.o
    0x080046e4   0x080046e4   0x00000054   Code   RO         4233    i.USBD_GetString    usbd_ctlreq.o
    0x08004738   0x08004738   0x0000002c   Code   RO          259    i.USBD_Get_USB_Status  usbd_conf.o
    0x08004764   0x08004764   0x00000034   Code   RO          448    i.USBD_HS_ConfigStrDescriptor  usbd_desc.o
    0x08004798   0x08004798   0x00000010   Code   RO          449    i.USBD_HS_DeviceDescriptor  usbd_desc.o
    0x080047a8   0x080047a8   0x00000038   Code   RO          450    i.USBD_HS_InterfaceStrDescriptor  usbd_desc.o
    0x080047e0   0x080047e0   0x00000010   Code   RO          451    i.USBD_HS_LangIDStrDescriptor  usbd_desc.o
    0x080047f0   0x080047f0   0x0000002c   Code   RO          452    i.USBD_HS_ManufacturerStrDescriptor  usbd_desc.o
    0x0800481c   0x0800481c   0x00000048   Code   RO          453    i.USBD_HS_ProductStrDescriptor  usbd_desc.o
    0x08004864   0x08004864   0x00000018   Code   RO          454    i.USBD_HS_SerialStrDescriptor  usbd_desc.o
    0x0800487c   0x0800487c   0x00000010   Code   RO          455    i.USBD_HS_USR_BOSDescriptor  usbd_desc.o
    0x0800488c   0x0800488c   0x00000044   Code   RO         4090    i.USBD_Init         usbd_core.o
    0x080048d0   0x080048d0   0x00000026   Code   RO          260    i.USBD_LL_ClearStallEP  usbd_conf.o
    0x080048f6   0x080048f6   0x000000e6   Code   RO         4091    i.USBD_LL_DataInStage  usbd_core.o
    0x080049dc   0x080049dc   0x00000092   Code   RO         4092    i.USBD_LL_DataOutStage  usbd_core.o
    0x08004a6e   0x08004a6e   0x00000006   Code   RO         4093    i.USBD_LL_DevConnected  usbd_core.o
    0x08004a74   0x08004a74   0x00000020   Code   RO         4094    i.USBD_LL_DevDisconnected  usbd_core.o
    0x08004a94   0x08004a94   0x00000070   Code   RO          266    i.USBD_LL_Init      usbd_conf.o
    0x08004b04   0x08004b04   0x00000038   Code   RO          267    i.USBD_LL_IsStallEP  usbd_conf.o
    0x08004b3c   0x08004b3c   0x00000006   Code   RO         4095    i.USBD_LL_IsoINIncomplete  usbd_core.o
    0x08004b42   0x08004b42   0x00000006   Code   RO         4096    i.USBD_LL_IsoOUTIncomplete  usbd_core.o
    0x08004b48   0x08004b48   0x00000030   Code   RO          268    i.USBD_LL_OpenEP    usbd_conf.o
    0x08004b78   0x08004b78   0x00000030   Code   RO          269    i.USBD_LL_PrepareReceive  usbd_conf.o
    0x08004ba8   0x08004ba8   0x0000005a   Code   RO         4097    i.USBD_LL_Reset     usbd_core.o
    0x08004c02   0x08004c02   0x00000016   Code   RO         4098    i.USBD_LL_Resume    usbd_core.o
    0x08004c18   0x08004c18   0x00000022   Code   RO         4099    i.USBD_LL_SOF       usbd_core.o
    0x08004c3a   0x08004c3a   0x00000008   Code   RO         4100    i.USBD_LL_SetSpeed  usbd_core.o
    0x08004c42   0x08004c42   0x00000026   Code   RO          270    i.USBD_LL_SetUSBAddress  usbd_conf.o
    0x08004c68   0x08004c68   0x00000076   Code   RO         4101    i.USBD_LL_SetupStage  usbd_core.o
    0x08004cde   0x08004cde   0x00000026   Code   RO          271    i.USBD_LL_StallEP   usbd_conf.o
    0x08004d04   0x08004d04   0x0000001e   Code   RO          272    i.USBD_LL_Start     usbd_conf.o
    0x08004d22   0x08004d22   0x0000001e   Code   RO          273    i.USBD_LL_Stop      usbd_conf.o
    0x08004d40   0x08004d40   0x00000014   Code   RO         4102    i.USBD_LL_Suspend   usbd_core.o
    0x08004d54   0x08004d54   0x00000030   Code   RO          274    i.USBD_LL_Transmit  usbd_conf.o
    0x08004d84   0x08004d84   0x00000036   Code   RO         4234    i.USBD_ParseSetupRequest  usbd_ctlreq.o
    0x08004dba   0x08004dba   0x00000026   Code   RO         4103    i.USBD_RegisterClass  usbd_core.o
    0x08004de0   0x08004de0   0x00000006   Code   RO         4104    i.USBD_RunTestMode  usbd_core.o
    0x08004de6   0x08004de6   0x0000005a   Code   RO         4235    i.USBD_SetAddress   usbd_ctlreq.o
    0x08004e40   0x08004e40   0x00000020   Code   RO         4105    i.USBD_SetClassConfig  usbd_core.o
    0x08004e60   0x08004e60   0x000000fc   Code   RO         4236    i.USBD_SetConfig    usbd_ctlreq.o
    0x08004f5c   0x08004f5c   0x00000018   Code   RO         4237    i.USBD_SetFeature   usbd_ctlreq.o
    0x08004f74   0x08004f74   0x0000000c   Code   RO         4106    i.USBD_Start        usbd_core.o
    0x08004f80   0x08004f80   0x000000a6   Code   RO         4238    i.USBD_StdDevReq    usbd_ctlreq.o
    0x08005026   0x08005026   0x0000022a   Code   RO         4239    i.USBD_StdEPReq     usbd_ctlreq.o
    0x08005250   0x08005250   0x0000007e   Code   RO         4240    i.USBD_StdItfReq    usbd_ctlreq.o
    0x080052ce   0x080052ce   0x0000002e   Code   RO         4107    i.USBD_Stop         usbd_core.o
    0x080052fc   0x080052fc   0x000000d0   Code   RO         1040    i.USB_ActivateEndpoint  stm32f7xx_ll_usb.o
    0x080053cc   0x080053cc   0x00000028   Code   RO         1042    i.USB_ActivateSetup  stm32f7xx_ll_usb.o
    0x080053f4   0x080053f4   0x00000078   Code   RO         1044    i.USB_CoreInit      stm32f7xx_ll_usb.o
    0x0800546c   0x0800546c   0x0000004c   Code   RO         1045    i.USB_CoreReset     stm32f7xx_ll_usb.o
    0x080054b8   0x080054b8   0x00000020   Code   RO         1049    i.USB_DevConnect    stm32f7xx_ll_usb.o
    0x080054d8   0x080054d8   0x00000020   Code   RO         1050    i.USB_DevDisconnect  stm32f7xx_ll_usb.o
    0x080054f8   0x080054f8   0x000001f8   Code   RO         1051    i.USB_DevInit       stm32f7xx_ll_usb.o
    0x080056f0   0x080056f0   0x0000000e   Code   RO         1052    i.USB_DisableGlobalInt  stm32f7xx_ll_usb.o
    0x080056fe   0x080056fe   0x00000002   PAD
    0x08005700   0x08005700   0x000001d8   Code   RO         1055    i.USB_EP0StartXfer  stm32f7xx_ll_usb.o
    0x080058d8   0x080058d8   0x00000070   Code   RO         1056    i.USB_EP0_OutStart  stm32f7xx_ll_usb.o
    0x08005948   0x08005948   0x0000008e   Code   RO         1057    i.USB_EPClearStall  stm32f7xx_ll_usb.o
    0x080059d6   0x080059d6   0x0000009a   Code   RO         1058    i.USB_EPSetStall    stm32f7xx_ll_usb.o
    0x08005a70   0x08005a70   0x00000344   Code   RO         1059    i.USB_EPStartXfer   stm32f7xx_ll_usb.o
    0x08005db4   0x08005db4   0x0000000e   Code   RO         1060    i.USB_EnableGlobalInt  stm32f7xx_ll_usb.o
    0x08005dc2   0x08005dc2   0x00000002   PAD
    0x08005dc4   0x08005dc4   0x0000002c   Code   RO         1061    i.USB_FlushRxFifo   stm32f7xx_ll_usb.o
    0x08005df0   0x08005df0   0x00000030   Code   RO         1062    i.USB_FlushTxFifo   stm32f7xx_ll_usb.o
    0x08005e20   0x08005e20   0x00000026   Code   RO         1064    i.USB_GetDevSpeed   stm32f7xx_ll_usb.o
    0x08005e46   0x08005e46   0x0000000a   Code   RO         1066    i.USB_GetMode       stm32f7xx_ll_usb.o
    0x08005e50   0x08005e50   0x00000014   Code   RO         1073    i.USB_ReadDevAllInEpInterrupt  stm32f7xx_ll_usb.o
    0x08005e64   0x08005e64   0x00000014   Code   RO         1074    i.USB_ReadDevAllOutEpInterrupt  stm32f7xx_ll_usb.o
    0x08005e78   0x08005e78   0x00000032   Code   RO         1075    i.USB_ReadDevInEPInterrupt  stm32f7xx_ll_usb.o
    0x08005eaa   0x08005eaa   0x0000001a   Code   RO         1076    i.USB_ReadDevOutEPInterrupt  stm32f7xx_ll_usb.o
    0x08005ec4   0x08005ec4   0x0000000a   Code   RO         1077    i.USB_ReadInterrupts  stm32f7xx_ll_usb.o
    0x08005ece   0x08005ece   0x00000022   Code   RO         1078    i.USB_ReadPacket    stm32f7xx_ll_usb.o
    0x08005ef0   0x08005ef0   0x00000036   Code   RO         1080    i.USB_SetCurrentMode  stm32f7xx_ll_usb.o
    0x08005f26   0x08005f26   0x0000002a   Code   RO         1081    i.USB_SetDevAddress  stm32f7xx_ll_usb.o
    0x08005f50   0x08005f50   0x00000012   Code   RO         1082    i.USB_SetDevSpeed   stm32f7xx_ll_usb.o
    0x08005f62   0x08005f62   0x00000002   PAD
    0x08005f64   0x08005f64   0x000000e8   Code   RO         1083    i.USB_SetTurnaroundTime  stm32f7xx_ll_usb.o
    0x0800604c   0x0800604c   0x0000005c   Code   RO         1084    i.USB_StopDevice    stm32f7xx_ll_usb.o
    0x080060a8   0x080060a8   0x0000003c   Code   RO         1086    i.USB_WritePacket   stm32f7xx_ll_usb.o
    0x080060e4   0x080060e4   0x00000004   Code   RO          612    i.UsageFault_Handler  stm32f7xx_it.o
    0x080060e8   0x080060e8   0x00000010   Code   RO         1363    i.__NVIC_GetPriorityGrouping  stm32f7xx_hal_cortex.o
    0x080060f8   0x080060f8   0x00000028   Code   RO         1364    i.__NVIC_SetPriority  stm32f7xx_hal_cortex.o
    0x08006120   0x08006120   0x0000000e   Code   RO         4563    i.__scatterload_copy  mc_w.l(handlers.o)
    0x0800612e   0x0800612e   0x00000002   Code   RO         4564    i.__scatterload_null  mc_w.l(handlers.o)
    0x08006130   0x08006130   0x0000000e   Code   RO         4565    i.__scatterload_zeroinit  mc_w.l(handlers.o)
    0x0800613e   0x0800613e   0x00000002   PAD
    0x08006140   0x08006140   0x00000050   Code   RO         4511    i.free              mc_w.l(malloc.o)
    0x08006190   0x08006190   0x00000064   Code   RO           18    i.main              main.o
    0x080061f4   0x080061f4   0x0000006c   Code   RO         4512    i.malloc            mc_w.l(malloc.o)
    0x08006260   0x08006260   0x00000018   Data   RO         4053    .constdata          system_stm32f7xx.o
    0x08006278   0x08006278   0x00000042   Data   RO          549    .conststring        usbd_dfu_if.o
    0x080062ba   0x080062ba   0x00000002   PAD
    0x080062bc   0x080062bc   0x00000020   Data   RO         4561    Region$$Table       anon$$obj.o


    Execution Region RW_IRAM1 (Exec base: 0x20000000, Load base: 0x080062dc, Size: 0x00002a80, Max: 0x00080000, ABSOLUTE)

    Exec Addr    Load Addr    Size         Type   Attr      Idx    E Section Name        Object

    0x20000000   0x080062dc   0x00000008   Data   RW           20    .data               main.o
    0x20000008   0x080062e4   0x0000005e   Data   RW          457    .data               usbd_desc.o
    0x20000066   0x08006342   0x00000002   PAD
    0x20000068   0x08006344   0x0000001c   Data   RW          550    .data               usbd_dfu_if.o
    0x20000084   0x08006360   0x00000009   Data   RW         3800    .data               stm32f7xx_hal.o
    0x2000008d   0x08006369   0x00000003   PAD
    0x20000090   0x0800636c   0x00000004   Data   RW         4054    .data               system_stm32f7xx.o
    0x20000094   0x08006370   0x00000001   Data   RW         4241    .data               usbd_ctlreq.o
    0x20000095   0x08006371   0x00000003   PAD
    0x20000098   0x08006374   0x0000005e   Data   RW         4406    .data               usbd_dfu.o
    0x200000f6   0x080063d2   0x00000002   PAD
    0x200000f8   0x080063d4   0x00000004   Data   RW         4557    .data               mc_w.l(mvars.o)
    0x200000fc   0x080063d8   0x00000004   Data   RW         4558    .data               mc_w.l(mvars.o)
    0x20000100        -       0x0000004c   Zero   RW           19    .bss                main.o
    0x2000014c        -       0x000002d0   Zero   RW          216    .bss                usb_device.o
    0x2000041c        -       0x00000404   Zero   RW          275    .bss                usbd_conf.o
    0x20000820        -       0x00000200   Zero   RW          456    .bss                usbd_desc.o
    0x20000a20        -       0x00000040   Zero   RW          724    .bss                stm32f7xx_hal_timebase_tim.o
    0x20000a60        -       0x0000001c   Zero   RW         3130    .bss                stm32f7xx_hal_flash.o
    0x20000a7c   0x080063dc   0x00000004   PAD
    0x20000a80        -       0x00001000   Zero   RW            2    HEAP                startup_stm32f767xx.o
    0x20001a80        -       0x00001000   Zero   RW            1    STACK               startup_stm32f767xx.o


==============================================================================

Image component sizes


      Code (inc. data)   RO Data    RW Data    ZI Data      Debug   Object Name

      1962        122          0          8         76     900765   main.o
        36          8        504          0       8192        832   startup_stm32f767xx.o
        98         18          0          9          0       8454   stm32f7xx_hal.o
       252         22          0          0          0      38610   stm32f7xx_hal_cortex.o
       688         64          0          0         28       5966   stm32f7xx_hal_flash.o
       384         18          0          0          0       2730   stm32f7xx_hal_flash_ex.o
       564         52          0          0          0       3075   stm32f7xx_hal_gpio.o
       196          4          0          0          0       2631   stm32f7xx_hal_i2c.o
       210          0          0          0          0       1935   stm32f7xx_hal_i2c_ex.o
       192         16          0          0          0       1520   stm32f7xx_hal_msp.o
      3232         14          0          0          0      12025   stm32f7xx_hal_pcd.o
       128          4          0          0          0       2456   stm32f7xx_hal_pcd_ex.o
        20          6          0          0          0        539   stm32f7xx_hal_pwr.o
       144          8          0          0          0       1260   stm32f7xx_hal_pwr_ex.o
      2230         98          0          0          0       8133   stm32f7xx_hal_rcc.o
      1880         16          0          0          0       2224   stm32f7xx_hal_rcc_ex.o
       774         52          0          0          0       6290   stm32f7xx_hal_tim.o
         6          0          0          0          0       2132   stm32f7xx_hal_tim_ex.o
       136         18          0          0         64       1427   stm32f7xx_hal_timebase_tim.o
        62         12          0          0          0       4599   stm32f7xx_it.o
      3554         92          0          0          0      22522   stm32f7xx_ll_usb.o
        28          4         24          4          0       1115   system_stm32f7xx.o
        76         16          0          0        720        736   usb_device.o
      1056         32          0          0       1028      15514   usbd_conf.o
       948          0          0          0          0      13797   usbd_core.o
      2214         20          0          1          0      16840   usbd_ctlreq.o
       410        136          0         94        512       7205   usbd_desc.o
      2138         54          0         94          0      50859   usbd_dfu.o
       356         30         66         28          0       4938   usbd_dfu_if.o
       174          0          0          0          0       4676   usbd_ioreq.o

    ----------------------------------------------------------------------
     24172        936        628        248      10624    1145805   Object Totals
         0          0         32          0          0          0   (incl. Generated)
        24          0          2         10          4          0   (incl. Padding)

    ----------------------------------------------------------------------

      Code (inc. data)   RO Data    RW Data    ZI Data      Debug   Library Member Name

         0          0          0          0          0          0   entry.o
         0          0          0          0          0          0   entry10a.o
         0          0          0          0          0          0   entry11a.o
         8          4          0          0          0          0   entry2.o
         4          0          0          0          0          0   entry5.o
         0          0          0          0          0          0   entry7b.o
         0          0          0          0          0          0   entry8b.o
         8          4          0          0          0          0   entry9a.o
        30          0          0          0          0          0   handlers.o
        36          8          0          0          0         68   init.o
        30          0          0          0          0         68   llshl.o
        32          0          0          0          0         68   llushr.o
       188         20          0          0          0        160   malloc.o
        36          0          0          0          0         68   memcpya.o
        36          0          0          0          0        108   memseta.o
         0          0          0          8          0          0   mvars.o
        98          0          0          0          0         92   uldiv.o

    ----------------------------------------------------------------------
       508         36          0          8          0        632   Library Totals
         2          0          0          0          0          0   (incl. Padding)

    ----------------------------------------------------------------------

      Code (inc. data)   RO Data    RW Data    ZI Data      Debug   Library Name

       506         36          0          8          0        632   mc_w.l

    ----------------------------------------------------------------------
       508         36          0          8          0        632   Library Totals

    ----------------------------------------------------------------------

==============================================================================


      Code (inc. data)   RO Data    RW Data    ZI Data      Debug   

     24680        972        628        256      10624    1125381   Grand Totals
     24680        972        628        256      10624    1125381   ELF Image Totals
     24680        972        628        256          0          0   ROM Totals

==============================================================================

    Total RO  Size (Code + RO Data)                25308 (  24.71kB)
    Total RW  Size (RW Data + ZI Data)             10880 (  10.63kB)
    Total ROM Size (Code + RO Data + RW Data)      25564 (  24.96kB)

==============================================================================

